Microchip MPLAB XC8 Compiler V2.05 ()

Linker command line:

-W-3 --edf=C:\Program Files (x86)\Microchip\xc8\v2.05\pic\dat\en_msgs.txt \
  -cs -h+dist/default/production\DMX.X.production.sym \
  --cmf=dist/default/production\DMX.X.production.cmf -z -Q16F18446 \
  -oC:\Users\User\AppData\Local\Temp\sbm4.2 --defsym=__MPLAB_BUILD=1 \
  -Mdist/default/production/DMX.X.production.map -E1 -ver=XC8 --acfsm=1493 \
  -ASTACK=02130h-025EEh -pstack=STACK -ACODE=00h-07FFhx8 \
  -ASTRCODE=00h-03FFFh -ASTRING=00h-0FFhx64 -ACONST=00h-0FFhx64 \
  -AENTRY=00h-0FFhx64 -ACOMMON=070h-07Fh -ABANK0=020h-06Fh \
  -ABANK1=0A0h-0EFh -ABANK2=0120h-016Fh -ABANK3=01A0h-01EFh \
  -ABANK4=0220h-026Fh -ABANK5=02A0h-02EFh -ABANK6=0320h-036Fh \
  -ABANK7=03A0h-03EFh -ABANK8=0420h-046Fh -ABANK9=04A0h-04EFh \
  -ABANK10=0520h-056Fh -ABANK11=05A0h-05EFh -ABANK12=0620h-066Fh \
  -ABANK13=06A0h-06EFh -ABANK14=0720h-076Fh -ABANK15=07A0h-07EFh \
  -ABANK16=0820h-086Fh -ABANK17=08A0h-08EFh -ABANK18=0920h-096Fh \
  -ABANK19=09A0h-09EFh -ABANK20=0A20h-0A6Fh -ABANK21=0AA0h-0AEFh \
  -ABANK22=0B20h-0B6Fh -ABANK23=0BA0h-0BEFh -ABANK24=0C20h-0C6Fh \
  -ABANK25=0CA0h-0CBFh -ABIGRAM=02000h-027EFh \
  -ARAM=020h-06Fh,0A0h-0EFh,0120h-016Fh,01A0h-01EFh,0220h-026Fh,02A0h-02EFh,0320h-036Fh,03A0h-03EFh,0420h-046Fh,04A0h-04EFh,0520h-056Fh,05A0h-05EFh,0620h-066Fh,06A0h-06EFh,0720h-076Fh,07A0h-07EFh,0820h-086Fh,08A0h-08EFh,0920h-096Fh,09A0h-09EFh,0A20h-0A6Fh,0AA0h-0AEFh,0B20h-0B6Fh,0BA0h-0BEFh,0C20h-0C6Fh,0CA0h-0CBFh \
  -AABS1=020h-07Fh,0A0h-0EFh,0120h-016Fh,01A0h-01EFh,0220h-026Fh,02A0h-02EFh,0320h-036Fh,03A0h-03EFh,0420h-046Fh,04A0h-04EFh,0520h-056Fh,05A0h-05EFh,0620h-066Fh,06A0h-06EFh,0720h-076Fh,07A0h-07EFh,0820h-086Fh,08A0h-08EFh,0920h-096Fh,09A0h-09EFh,0A20h-0A6Fh,0AA0h-0AEFh,0B20h-0B6Fh,0BA0h-0BEFh,0C20h-0C6Fh,0CA0h-0CBFh \
  -ASFR0=00h-01Fh -ASFR1=080h-09Fh -ASFR2=0100h-011Fh -ASFR3=0180h-019Fh \
  -ASFR4=0200h-021Fh -ASFR5=0280h-029Fh -ASFR6=0300h-031Fh \
  -ASFR7=0380h-039Fh -ASFR8=0400h-041Fh -ASFR9=0480h-049Fh \
  -ASFR10=0500h-051Fh -ASFR11=0580h-059Fh -ASFR12=0600h-061Fh \
  -ASFR13=0680h-069Fh -ASFR14=0700h-071Fh -ASFR15=0780h-079Fh \
  -ASFR16=0800h-081Fh -ASFR17=0880h-089Fh -ASFR18=0900h-091Fh \
  -ASFR19=0980h-099Fh -ASFR20=0A00h-0A1Fh -ASFR21=0A80h-0A9Fh \
  -ASFR22=0B00h-0B1Fh -ASFR23=0B80h-0B9Fh -ASFR24=0C00h-0C1Fh \
  -ASFR25=0C80h-0C9Fh -ASFR26=0D00h-0D6Fh -ASFR27=0D80h-0DEFh \
  -ASFR28=0E00h-0E6Fh -ASFR29=0E80h-0EEFh -ASFR30=0F00h-0F6Fh \
  -ASFR31=0F80h-0FEFh -ASFR32=01000h-0106Fh -ASFR33=01080h-010EFh \
  -ASFR34=01100h-0116Fh -ASFR35=01180h-011EFh -ASFR36=01200h-0126Fh \
  -ASFR37=01280h-012EFh -ASFR38=01300h-0136Fh -ASFR39=01380h-013EFh \
  -ASFR40=01400h-0146Fh -ASFR41=01480h-014EFh -ASFR42=01500h-0156Fh \
  -ASFR43=01580h-015EFh -ASFR44=01600h-0166Fh -ASFR45=01680h-016EFh \
  -ASFR46=01700h-0176Fh -ASFR47=01780h-017EFh -ASFR48=01800h-0186Fh \
  -ASFR49=01880h-018EFh -ASFR50=01900h-0196Fh -ASFR51=01980h-019EFh \
  -ASFR52=01A00h-01A6Fh -ASFR53=01A80h-01AEFh -ASFR54=01B00h-01B6Fh \
  -ASFR55=01B80h-01BEFh -ASFR56=01C00h-01C6Fh -ASFR57=01C80h-01CEFh \
  -ASFR58=01D00h-01D6Fh -ASFR59=01D80h-01DEFh -ASFR60=01E00h-01E6Fh \
  -ASFR61=01E80h-01EEFh -ASFR62=01F00h-01F6Fh -ASFR63=01F80h-01FEFh \
  -preset_vec=00h,intentry=04h,init,end_init -ppowerup=CODE -pcinit=CODE \
  -pfunctab=ENTRY -ACONFIG=08007h-0800Bh -pconfig=CONFIG -DCONFIG=2 \
  -AIDLOC=08000h-08003h -pidloc=IDLOC -DIDLOC=2 -AEEDATA=00h-0FFh/0F000h \
  -peeprom_data=EEDATA -DEEDATA=2 -DCODE=2 -DSTRCODE=2 -DSTRING=2 -DCONST=2 \
  -DENTRY=2 -k C:\Users\User\AppData\Local\Temp\sbm4.o \
  dist/default/production\DMX.X.production.o 

Object code version is 3.11

Machine type is 16F18446



                Name                               Link     Load   Length Selector   Space Scale
C:\Users\User\AppData\Local\Temp\sbm4.o
                end_init                             39       39        2        8       0
                reset_vec                             0        0        2        0       0
                config                             8007     8007        5    1000E       0
dist/default/production\DMX.X.production.o
                cinit                                3B       3B       55        8       0
                intentry                              4        4       35        8       0
                text77                             108E     108E        4     211C       0
                text76                             1081     1081        1     2102       0
                text75                             1153     1153        D     22A6       0
                text74                             11F1     11F1       18     23E2       0
                text73                             1082     1082        3     2104       0
                text72                                2        2        1        0       0
                text71                             1092     1092        4     2124       0
                text70                             1431     1431       35     2862       0
                text69                             133B     133B       24     2676       0
                text68                             1297     1297       20     252E       0
                text67                             1085     1085        3     210A       0
                text66                             1160     1160       11     22C0       0
                text65                             1209     1209       1A     2412       0
                text64                              B44      B44      160     1688       0
                text63                                3        3        1        6       0
                text62                             109F     109F        6     213E       0
                text61                              800      800        D     1000       0
                text59                             10BB     10BB        9     2176       0
                text58                             10C4     10C4        9     2188       0
                text57                             10CD     10CD        9     219A       0
                text56                             11DA     11DA       17     23B4       0
                text55                             10D6     10D6        9     21AC       0
                text54                             1088     1088        3     2110       0
                text53                             1466     1466       35     28CC       0
                text52                              A6B      A6B       D9     14D6       0
                text51                             12B7     12B7       20     256E       0
                text50                             15DD     15DD       4B     2BBA       0
                text49                              999      999       D2     1332       0
                text48                             10DF     10DF        9     21BE       0
                text47                             10AB     10AB        8     2156       0
                text46                             109A     109A        5     2134       0
                text45                             167A     167A       55     2CF4       0
                text44                             1318     1318       23     2630       0
                text43                             13AD     13AD       2A     275A       0
                text42                             125B     125B       1D     24B6       0
                text41                             1223     1223       1C     2446       0
                text40                             13D7     13D7       2D     27AE       0
                text39                              80D      80D       7A     101A       0
                text38                             10B3     10B3        8     2166       0
                text37                             12F7     12F7       21     25EE       0
                text36                             1185     1185       15     230A       0
                text35                             119A     119A       15     2334       0
                text34                             11C4     11C4       16     2388       0
                text33                             178A     178A       76     2F14       0
                text32                             149B     149B       37     2936       0
                text31                             10E8     10E8        9     21D0       0
                text30                              887      887       7C     110E       0
                text29                             12D7     12D7       20     25AE       0
                text28                              3EE      3EE      22C        8       0
                text27                              E1E      E1E      1E2     1C3C       0
                text26                             1278     1278       1F     24F0       0
                text25                              61A      61A      1E4        8       0
                text24                             14D2     14D2       3C     29A4       0
                text23                              CA4      CA4      17A     1948       0
                text22                             1594     1594       49     2B28       0
                text21                             1724     1724       66     2E48       0
                text20                              903      903       96     1206       0
                text19                               90       90      35E        8       0
                text18                             1628     1628       52     2C50       0
                text17                             108B     108B        3     2116       0
                text16                             16CF     16CF       55     2D9E       0
                text15                             135F     135F       26     26BE       0
                text14                             10F1     10F1        9     21E2       0
                text13                             10FA     10FA        9     21F4       0
                text12                             1103     1103        9     2206       0
                text11                             110C     110C        9     2218       0
                text10                             1115     1115        9     222A       0
                text9                              154C     154C       48     2A98       0
                text8                              123F     123F       1C     247E       0
                text7                              111E     111E        9     223C       0
                text6                              1404     1404       2D     2808       0
                text5                              1127     1127        A     224E       0
                text4                              1171     1171       14     22E2       0
                text3                              11AF     11AF       15     235E       0
                text2                              1096     1096        4     212C       0
                text1                              1385     1385       28     270A       0
                maintext                           150E     150E       3E     2A1C       0
                cstackBANK0                          20       20       4F       20       1
                cstackCOMMON                         70       70        6       70       1
                cstackBANK1                          A0       A0       49       A0       1
                cstackBANK3                         1DE      1DE        2      1A0       1
                clrtext                            113B     113B        C     2276       0
                inittext                           1147     1147        C     228E       0
                dataBANK3                           1D0      1D0        A      1A0       1
                bssBANK3                            1A0      1A0       30      1A0       1
                dataBANK2                           16A      16A        6      120       1
                bssBANK2                            120      120       3F      120       1
                bssBANK1                             E9       E9        7       A0       1
                bssBANK0                             6F       6F        1       20       1
                dataCOMMON                           7A       7A        2       70       1
                bssCOMMON                            76       76        4       70       1
                nvBANK3                             1DA      1DA        4      1A0       1
                nvBANK2                             15F      15F        B      120       1
                stringtext1                        1800     1800       60     3000       0
                idataBANK3                         1131     1131        A     2262       0
                idataBANK2                         10A5     10A5        6     214A       0
                idataCOMMON                         7FE      7FE        2        8       0

TOTAL           Name                               Link     Load   Length     Space
        CLASS   STACK          

        CLASS   CODE           
                end_init                             39       39        2         0
                cinit                                3B       3B       55         0
                intentry                              4        4       35         0
                reset_vec                             0        0        2         0
                text77                             108E     108E        4         0
                text76                             1081     1081        1         0
                text75                             1153     1153        D         0
                text74                             11F1     11F1       18         0
                text73                             1082     1082        3         0
                text72                                2        2        1         0
                text71                             1092     1092        4         0
                text70                             1431     1431       35         0
                text69                             133B     133B       24         0
                text68                             1297     1297       20         0
                text67                             1085     1085        3         0
                text66                             1160     1160       11         0
                text65                             1209     1209       1A         0
                text64                              B44      B44      160         0
                text63                                3        3        1         0
                text62                             109F     109F        6         0
                text61                              800      800        D         0
                text59                             10BB     10BB        9         0
                text58                             10C4     10C4        9         0
                text57                             10CD     10CD        9         0
                text56                             11DA     11DA       17         0
                text55                             10D6     10D6        9         0
                text54                             1088     1088        3         0
                text53                             1466     1466       35         0
                text52                              A6B      A6B       D9         0
                text51                             12B7     12B7       20         0
                text50                             15DD     15DD       4B         0
                text49                              999      999       D2         0
                text48                             10DF     10DF        9         0
                text47                             10AB     10AB        8         0
                text46                             109A     109A        5         0
                text45                             167A     167A       55         0
                text44                             1318     1318       23         0
                text43                             13AD     13AD       2A         0
                text42                             125B     125B       1D         0
                text41                             1223     1223       1C         0
                text40                             13D7     13D7       2D         0
                text39                              80D      80D       7A         0
                text38                             10B3     10B3        8         0
                text37                             12F7     12F7       21         0
                text36                             1185     1185       15         0
                text35                             119A     119A       15         0
                text34                             11C4     11C4       16         0
                text33                             178A     178A       76         0
                text32                             149B     149B       37         0
                text31                             10E8     10E8        9         0
                text30                              887      887       7C         0
                text29                             12D7     12D7       20         0
                text28                              3EE      3EE      22C         0
                text27                              E1E      E1E      1E2         0
                text26                             1278     1278       1F         0
                text25                              61A      61A      1E4         0
                text24                             14D2     14D2       3C         0
                text23                              CA4      CA4      17A         0
                text22                             1594     1594       49         0
                text21                             1724     1724       66         0
                text20                              903      903       96         0
                text19                               90       90      35E         0
                text18                             1628     1628       52         0
                text17                             108B     108B        3         0
                text16                             16CF     16CF       55         0
                text15                             135F     135F       26         0
                text14                             10F1     10F1        9         0
                text13                             10FA     10FA        9         0
                text12                             1103     1103        9         0
                text11                             110C     110C        9         0
                text10                             1115     1115        9         0
                text9                              154C     154C       48         0
                text8                              123F     123F       1C         0
                text7                              111E     111E        9         0
                text6                              1404     1404       2D         0
                text5                              1127     1127        A         0
                text4                              1171     1171       14         0
                text3                              11AF     11AF       15         0
                text2                              1096     1096        4         0
                text1                              1385     1385       28         0
                maintext                           150E     150E       3E         0
                clrtext                            113B     113B        C         0
                inittext                           1147     1147        C         0
                idataBANK3                         1131     1131        A         0
                idataBANK2                         10A5     10A5        6         0
                idataCOMMON                         7FE      7FE        2         0

        CLASS   STRCODE        
                stringtext1                        1800     1800       60         0

        CLASS   STRING         

        CLASS   CONST          

        CLASS   ENTRY          

        CLASS   COMMON         
                cstackCOMMON                         70       70        6         1
                dataCOMMON                           7A       7A        2         1
                bssCOMMON                            76       76        4         1

        CLASS   BANK0          
                cstackBANK0                          20       20       4F         1
                bssBANK0                             6F       6F        1         1

        CLASS   BANK1          
                cstackBANK1                          A0       A0       49         1
                bssBANK1                             E9       E9        7         1

        CLASS   BANK2          
                dataBANK2                           16A      16A        6         1
                bssBANK2                            120      120       3F         1
                nvBANK2                             15F      15F        B         1

        CLASS   BANK3          
                cstackBANK3                         1DE      1DE        2         1
                dataBANK3                           1D0      1D0        A         1
                bssBANK3                            1A0      1A0       30         1
                nvBANK3                             1DA      1DA        4         1

        CLASS   BANK4          

        CLASS   BANK5          

        CLASS   BANK6          

        CLASS   BANK7          

        CLASS   BANK8          

        CLASS   BANK9          

        CLASS   BANK10         

        CLASS   BANK11         

        CLASS   BANK12         

        CLASS   BANK13         

        CLASS   BANK14         

        CLASS   BANK15         

        CLASS   BANK16         

        CLASS   BANK17         

        CLASS   BANK18         

        CLASS   BANK19         

        CLASS   BANK20         

        CLASS   BANK21         

        CLASS   BANK22         

        CLASS   BANK23         

        CLASS   BANK24         

        CLASS   BANK25         

        CLASS   BIGRAM         

        CLASS   RAM            

        CLASS   ABS1           
                abs_s1                               7E       7E        2         1
                abs_s1                              96F      96F        1         1
                abs_s1                              9A0      9A0       50         1
                abs_s1                              A20      A20       50         1
                abs_s1                              AA0      AA0       50         1
                abs_s1                              B20      B20       50         1
                abs_s1                              BA0      BA0       50         1
                abs_s1                              C20      C20       50         1
                abs_s1                              CA0      CA0       20         1
                abs_s1                             25EF     25EF        0         1

        CLASS   SFR0           

        CLASS   SFR1           

        CLASS   SFR2           

        CLASS   SFR3           

        CLASS   SFR4           

        CLASS   SFR5           

        CLASS   SFR6           

        CLASS   SFR7           

        CLASS   SFR8           

        CLASS   SFR9           

        CLASS   SFR10          

        CLASS   SFR11          

        CLASS   SFR12          

        CLASS   SFR13          

        CLASS   SFR14          

        CLASS   SFR15          

        CLASS   SFR16          

        CLASS   SFR17          

        CLASS   SFR18          

        CLASS   SFR19          

        CLASS   SFR20          

        CLASS   SFR21          

        CLASS   SFR22          

        CLASS   SFR23          

        CLASS   SFR24          

        CLASS   SFR25          

        CLASS   SFR26          

        CLASS   SFR27          

        CLASS   SFR28          

        CLASS   SFR29          

        CLASS   SFR30          

        CLASS   SFR31          

        CLASS   SFR32          

        CLASS   SFR33          

        CLASS   SFR34          

        CLASS   SFR35          

        CLASS   SFR36          

        CLASS   SFR37          

        CLASS   SFR38          

        CLASS   SFR39          

        CLASS   SFR40          

        CLASS   SFR41          

        CLASS   SFR42          

        CLASS   SFR43          

        CLASS   SFR44          

        CLASS   SFR45          

        CLASS   SFR46          

        CLASS   SFR47          

        CLASS   SFR48          

        CLASS   SFR49          

        CLASS   SFR50          

        CLASS   SFR51          

        CLASS   SFR52          

        CLASS   SFR53          

        CLASS   SFR54          

        CLASS   SFR55          

        CLASS   SFR56          

        CLASS   SFR57          

        CLASS   SFR58          

        CLASS   SFR59          

        CLASS   SFR60          

        CLASS   SFR61          

        CLASS   SFR62          

        CLASS   SFR63          

        CLASS   CONFIG         
                config                             8007     8007        5         0

        CLASS   IDLOC          

        CLASS   EEDATA         

        CLASS   BANK63         

        CLASS   BANK62         

        CLASS   BANK61         

        CLASS   BANK60         

        CLASS   BANK59         

        CLASS   BANK58         

        CLASS   BANK57         

        CLASS   BANK56         

        CLASS   BANK55         

        CLASS   BANK54         

        CLASS   BANK53         

        CLASS   BANK52         

        CLASS   BANK51         

        CLASS   BANK50         

        CLASS   BANK49         

        CLASS   BANK48         

        CLASS   BANK47         

        CLASS   BANK46         

        CLASS   BANK45         

        CLASS   BANK44         

        CLASS   BANK43         

        CLASS   BANK42         

        CLASS   BANK41         

        CLASS   BANK40         

        CLASS   BANK39         

        CLASS   BANK38         

        CLASS   BANK37         

        CLASS   BANK36         

        CLASS   BANK35         

        CLASS   BANK34         

        CLASS   BANK33         

        CLASS   BANK32         

        CLASS   BANK31         

        CLASS   BANK30         

        CLASS   BANK29         

        CLASS   BANK28         

        CLASS   BANK27         

        CLASS   BANK26         



SEGMENTS        Name                           Load    Length   Top    Selector   Space  Class     Delta

                reset_vec                      000000  000003  000003         0       0  CODE        2
                text63                         000003  000001  000004         6       0  CODE        2
                intentry                       000004  0007FC  000800         8       0  CODE        2
                cstackBANK0                    000020  000050  000070        20       1  BANK0       1
                cstackCOMMON                   000070  00000C  00007C        70       1  COMMON      1
                cstackBANK1                    0000A0  000050  0000F0        A0       1  BANK1       1
                bssBANK2                       000120  000050  000170       120       1  BANK2       1
                bssBANK3                       0001A0  000040  0001E0       1A0       1  BANK3       1
                text61                         000800  00000D  00080D      1000       0  CODE        2
                text39                         00080D  00007A  000887      101A       0  CODE        2
                text30                         000887  00007C  000903      110E       0  CODE        2
                text20                         000903  000096  000999      1206       0  CODE        2
                text49                         000999  0000D2  000A6B      1332       0  CODE        2
                text52                         000A6B  0000D9  000B44      14D6       0  CODE        2
                text64                         000B44  000160  000CA4      1688       0  CODE        2
                text23                         000CA4  00017A  000E1E      1948       0  CODE        2
                text27                         000E1E  0001E2  001000      1C3C       0  CODE        2
                text76                         001081  000001  001082      2102       0  CODE        2
                text73                         001082  000003  001085      2104       0  CODE        2
                text67                         001085  000003  001088      210A       0  CODE        2
                text54                         001088  000003  00108B      2110       0  CODE        2
                text17                         00108B  000003  00108E      2116       0  CODE        2
                text77                         00108E  000004  001092      211C       0  CODE        2
                text71                         001092  000004  001096      2124       0  CODE        2
                text2                          001096  000004  00109A      212C       0  CODE        2
                text46                         00109A  000005  00109F      2134       0  CODE        2
                text62                         00109F  000006  0010A5      213E       0  CODE        2
                idataBANK2                     0010A5  000006  0010AB      214A       0  CODE        2
                text47                         0010AB  000008  0010B3      2156       0  CODE        2
                text38                         0010B3  000008  0010BB      2166       0  CODE        2
                text59                         0010BB  000009  0010C4      2176       0  CODE        2
                text58                         0010C4  000009  0010CD      2188       0  CODE        2
                text57                         0010CD  000009  0010D6      219A       0  CODE        2
                text55                         0010D6  000009  0010DF      21AC       0  CODE        2
                text48                         0010DF  000009  0010E8      21BE       0  CODE        2
                text31                         0010E8  000009  0010F1      21D0       0  CODE        2
                text14                         0010F1  000009  0010FA      21E2       0  CODE        2
                text13                         0010FA  000009  001103      21F4       0  CODE        2
                text12                         001103  000009  00110C      2206       0  CODE        2
                text11                         00110C  000009  001115      2218       0  CODE        2
                text10                         001115  000009  00111E      222A       0  CODE        2
                text7                          00111E  000009  001127      223C       0  CODE        2
                text5                          001127  00000A  001131      224E       0  CODE        2
                idataBANK3                     001131  00000A  00113B      2262       0  CODE        2
                clrtext                        00113B  00000C  001147      2276       0  CODE        2
                inittext                       001147  00000C  001153      228E       0  CODE        2
                text75                         001153  00000D  001160      22A6       0  CODE        2
                text66                         001160  000011  001171      22C0       0  CODE        2
                text4                          001171  000014  001185      22E2       0  CODE        2
                text36                         001185  000015  00119A      230A       0  CODE        2
                text35                         00119A  000015  0011AF      2334       0  CODE        2
                text3                          0011AF  000015  0011C4      235E       0  CODE        2
                text34                         0011C4  000016  0011DA      2388       0  CODE        2
                text56                         0011DA  000017  0011F1      23B4       0  CODE        2
                text74                         0011F1  000018  001209      23E2       0  CODE        2
                text65                         001209  00001A  001223      2412       0  CODE        2
                text41                         001223  00001C  00123F      2446       0  CODE        2
                text8                          00123F  00001C  00125B      247E       0  CODE        2
                text42                         00125B  00001D  001278      24B6       0  CODE        2
                text26                         001278  00001F  001297      24F0       0  CODE        2
                text68                         001297  000020  0012B7      252E       0  CODE        2
                text51                         0012B7  000020  0012D7      256E       0  CODE        2
                text29                         0012D7  000020  0012F7      25AE       0  CODE        2
                text37                         0012F7  000021  001318      25EE       0  CODE        2
                text44                         001318  000023  00133B      2630       0  CODE        2
                text69                         00133B  000024  00135F      2676       0  CODE        2
                text15                         00135F  000026  001385      26BE       0  CODE        2
                text1                          001385  000028  0013AD      270A       0  CODE        2
                text43                         0013AD  00002A  0013D7      275A       0  CODE        2
                text40                         0013D7  00002D  001404      27AE       0  CODE        2
                text6                          001404  00002D  001431      2808       0  CODE        2
                text70                         001431  000035  001466      2862       0  CODE        2
                text53                         001466  000035  00149B      28CC       0  CODE        2
                text32                         00149B  000037  0014D2      2936       0  CODE        2
                text24                         0014D2  00003C  00150E      29A4       0  CODE        2
                maintext                       00150E  00003E  00154C      2A1C       0  CODE        2
                text9                          00154C  000048  001594      2A98       0  CODE        2
                text22                         001594  000049  0015DD      2B28       0  CODE        2
                text50                         0015DD  00004B  001628      2BBA       0  CODE        2
                text18                         001628  000052  00167A      2C50       0  CODE        2
                text45                         00167A  000055  0016CF      2CF4       0  CODE        2
                text16                         0016CF  000055  001724      2D9E       0  CODE        2
                text21                         001724  000066  00178A      2E48       0  CODE        2
                text33                         00178A  000076  001800      2F14       0  CODE        2
                stringtext1                    001800  000060  001860      3000       0  STRCODE     2
                config                         008007  000005  00800C     1000E       0  CONFIG      2


UNUSED ADDRESS RANGES

        Name                Unused          Largest block    Delta
        BANK10           00520-0056F              50           1
        BANK11           005A0-005EF              50           1
        BANK12           00620-0066F              50           1
        BANK13           006A0-006EF              50           1
        BANK14           00720-0076F              50           1
        BANK15           007A0-007EF              50           1
        BANK16           00820-0086F              50           1
        BANK17           008A0-008EF              50           1
        BANK18           00920-0096E              4F           1
        BANK3            001E0-001EF              10           1
        BANK4            00220-0026F              50           1
        BANK5            002A0-002EF              50           1
        BANK6            00320-0036F              50           1
        BANK7            003A0-003EF              50           1
        BANK8            00420-0046F              50           1
        BANK9            004A0-004EF              50           1
        BIGRAM           02000-027EF             7F0           1
        CODE             01000-01080              81           2
                         01860-03FFF             800
        COMMON           0007C-0007D               2           1
        CONST            01000-01080              81           2
                         01860-03FFF             100
        EEDATA           0F000-0F0FF             100           2
        ENTRY            01000-01080              81           2
                         01860-03FFF             100
        IDLOC            08000-08003               4           2
        RAM              001E0-001EF              10           1
                         00220-0026F              50
                         002A0-002EF              50
                         00320-0036F              50
                         003A0-003EF              50
                         00420-0046F              50
                         004A0-004EF              50
                         00520-0056F              50
                         005A0-005EF              50
                         00620-0066F              50
                         006A0-006EF              50
                         00720-0076F              50
                         007A0-007EF              50
                         00820-0086F              50
                         008A0-008EF              50
                         00920-0096E              4F
        SFR0             00000-0001F              20           1
        SFR1             00080-0009F              20           1
        SFR10            00500-0051F              20           1
        SFR11            00580-0059F              20           1
        SFR12            00600-0061F              20           1
        SFR13            00680-0069F              20           1
        SFR14            00700-0071F              20           1
        SFR15            00780-0079F              20           1
        SFR16            00800-0081F              20           1
        SFR17            00880-0089F              20           1
        SFR18            00900-0091F              20           1
        SFR19            00980-0099F              20           1
        SFR2             00100-0011F              20           1
        SFR20            00A00-00A1F              20           1
        SFR21            00A80-00A9F              20           1
        SFR22            00B00-00B1F              20           1
        SFR23            00B80-00B9F              20           1
        SFR24            00C00-00C1F              20           1
        SFR25            00C80-00C9F              20           1
        SFR26            00D00-00D6F              70           1
        SFR27            00D80-00DEF              70           1
        SFR28            00E00-00E6F              70           1
        SFR29            00E80-00EEF              70           1
        SFR3             00180-0019F              20           1
        SFR30            00F00-00F6F              70           1
        SFR31            00F80-00FEF              70           1
        SFR32            01000-0106F              70           1
        SFR33            01080-010EF              70           1
        SFR34            01100-0116F              70           1
        SFR35            01180-011EF              70           1
        SFR36            01200-0126F              70           1
        SFR37            01280-012EF              70           1
        SFR38            01300-0136F              70           1
        SFR39            01380-013EF              70           1
        SFR4             00200-0021F              20           1
        SFR40            01400-0146F              70           1
        SFR41            01480-014EF              70           1
        SFR42            01500-0156F              70           1
        SFR43            01580-015EF              70           1
        SFR44            01600-0166F              70           1
        SFR45            01680-016EF              70           1
        SFR46            01700-0176F              70           1
        SFR47            01780-017EF              70           1
        SFR48            01800-0186F              70           1
        SFR49            01880-018EF              70           1
        SFR5             00280-0029F              20           1
        SFR50            01900-0196F              70           1
        SFR51            01980-019EF              70           1
        SFR52            01A00-01A6F              70           1
        SFR53            01A80-01AEF              70           1
        SFR54            01B00-01B6F              70           1
        SFR55            01B80-01BEF              70           1
        SFR56            01C00-01C6F              70           1
        SFR57            01C80-01CEF              70           1
        SFR58            01D00-01D6F              70           1
        SFR59            01D80-01DEF              70           1
        SFR6             00300-0031F              20           1
        SFR60            01E00-01E6F              70           1
        SFR61            01E80-01EEF              70           1
        SFR62            01F00-01F6F              70           1
        SFR63            01F80-01FEF              70           1
        SFR7             00380-0039F              20           1
        SFR8             00400-0041F              20           1
        SFR9             00480-0049F              20           1
        STACK            02130-025EE             4BF           1
        STRCODE          01000-01080              81           2
                         01860-03FFF            27A0
        STRING           01000-01080              81           2
                         01860-03FFF             100

                                  Symbol Table

?_BUTTONS_isClicked                             cstackBANK0  00020
?_CLOCK_getTime                                 cstackBANK0  00020
?_HueToRGB                                      cstackBANK0  00063
?__Umul8_16                                     cstackBANK0  00020
?___fladd                                       cstackBANK0  00029
?___fldiv                                       cstackBANK0  0002E
?___flmul                                       cstackBANK0  0003D
?___flsub                                       cstackBANK0  00057
?___fltol                                       cstackBANK1  000A4
?___lwdiv                                       cstackBANK0  00020
?___lwmod                                       cstackBANK0  00020
?___xxtofl                                      cstackBANK0  00020
ADCC_SetADTIInterruptHandler@InterruptHandler   cstackBANK0  00020
ADCC_SetUpperThreshold@upperThreshold           cstackBANK0  00020
ADCC_StartConversion@channel                    cstackBANK0  00020
BEAT_task@offset                                cstackBANK0  0002A
BUTTONS_isClicked@button                        cstackBANK0  00023
BUTTONS_task@btn                                cstackBANK0  00028
BUTTONS_task@i                                  cstackBANK0  00025
BUTTONS_task@time                               cstackBANK0  00026
CONTROLLER_task@time                            cstackBANK0  00044
DMX_task@time                                   cstackBANK0  00024
EUSART1_SetErrorHandler@interruptHandler        cstackBANK0  00020
EUSART1_SetFramingErrorHandler@interruptHandler cstackBANK0  00020
EUSART1_SetOverrunErrorHandler@interruptHandler cstackBANK0  00020
EUSART1_SetRxInterruptHandler@interruptHandler  cstackBANK0  00020
EUSART1_SetTxInterruptHandler@interruptHandler  cstackBANK0  00020
HueToRGB@v1                                     cstackBANK0  00063
HueToRGB@v2                                     cstackBANK0  00067
HueToRGB@vH                                     cstackBANK0  0006B
I2C1_ISR@i2c_10bit_address_restart              bssBANK2     00150
I2C1_ISR@i2c_address                            bssCOMMON    00078
I2C1_ISR@i2c_bytes_left                         bssBANK2     00151
I2C1_ISR@pi2c_buf_ptr                           bssBANK2     00152
I2C1_MasterRead@trBlock                         bssBANK2     00154
I2C1_MasterTRBInsert@count                      cstackBANK0  00023
I2C1_MasterTRBInsert@pflag                      cstackBANK0  00021
I2C1_MasterTRBInsert@ptrb_list                  cstackBANK0  00020
I2C1_MasterWrite@address                        cstackBANK0  00028
I2C1_MasterWrite@length                         cstackBANK0  00027
I2C1_MasterWrite@pdata                          cstackBANK0  0002D
I2C1_MasterWrite@pflag                          cstackBANK0  0002A
I2C1_MasterWrite@trBlock                        bssBANK2     00158
I2C1_MasterWriteTRBBuild@address                cstackBANK0  00022
I2C1_MasterWriteTRBBuild@length                 cstackBANK0  00021
I2C1_MasterWriteTRBBuild@pdata                  cstackBANK0  00020
I2C1_MasterWriteTRBBuild@ptrb                   cstackBANK0  00026
I2C1_Stop@completion_code                       cstackCOMMON 00071
LED_setColor@blue                               cstackBANK0  00022
LED_setColor@green                              cstackBANK0  00020
LED_setColor@lo1                                cstackBANK0  00027
LED_setColor@lo2                                cstackBANK0  0002B
LED_setColor@lo3                                cstackBANK0  0002F
LED_setColor@lo4                                cstackBANK0  00033
LED_setColor@red                                cstackBANK0  00035
LED_setColor@white                              cstackBANK0  00021
LED_setHSL@hsl                                  cstackBANK1  000AF
LED_setHSL@hue                                  cstackBANK1  000CF
LED_setHSL@rgb                                  cstackBANK1  000D7
LED_setHSL@v1                                   cstackBANK1  000CB
LED_setHSL@v2                                   cstackBANK1  000D3
TM1650_enable@enable                            cstackBANK0  00034
TM1650_fastPrintNum@i                           cstackBANK0  00040
TM1650_fastPrintNum@num                         cstackBANK0  0003B
TM1650_fastPrintNum@numWrite                    cstackBANK0  0003E
TM1650_setDigit@data                            cstackBANK0  00034
TM1650_setDigit@digit                           cstackBANK0  0003A
TM1650_setDigit@dp                              cstackBANK0  00035
TMR0_SetInterruptHandler@InterruptHandler       cstackBANK0  00020
_ADACCH                                         (abs)        00097
_ADACCL                                         (abs)        00096
_ADACCU                                         (abs)        00098
_ADACQH                                         (abs)        0010D
_ADACQL                                         (abs)        0010C
_ADACT                                          (abs)        00117
_ADCAP                                          (abs)        0010E
_ADCC_ADTI_InterruptHandler                     nvBANK2      0015F
_ADCC_DefaultInterruptHandler                   text76       01081
_ADCC_Initialize                                text15       0135F
_ADCC_SetADTIInterruptHandler                   text59       010BB
_ADCC_SetUpperThreshold                         text58       010C4
_ADCC_StartConversion                           text57       010CD
_ADCC_ThresholdISR                              text75       01153
_ADCLK                                          (abs)        00118
_ADCNT                                          (abs)        00099
_ADCON0                                         (abs)        00111
_ADCON0bits                                     (abs)        00111
_ADCON1                                         (abs)        00112
_ADCON1bits                                     (abs)        00112
_ADCON2                                         (abs)        00113
_ADCON2bits                                     (abs)        00113
_ADCON3                                         (abs)        00114
_ADCON3bits                                     (abs)        00114
_ADERRH                                         (abs)        00091
_ADERRL                                         (abs)        00090
_ADFLTRH                                        (abs)        00095
_ADFLTRL                                        (abs)        00094
_ADLTHH                                         (abs)        0008D
_ADLTHL                                         (abs)        0008C
_ADPCH                                          (abs)        0009F
_ADPREH                                         (abs)        00110
_ADPREL                                         (abs)        0010F
_ADPREVH                                        (abs)        0009C
_ADPREVL                                        (abs)        0009B
_ADREF                                          (abs)        00116
_ADRESH                                         (abs)        0009E
_ADRESL                                         (abs)        0009D
_ADRPT                                          (abs)        0009A
_ADSTAT                                         (abs)        00115
_ADSTATbits                                     (abs)        00115
_ADSTPTH                                        (abs)        00093
_ADSTPTL                                        (abs)        00092
_ADUTHH                                         (abs)        0008F
_ADUTHL                                         (abs)        0008E
_ANSELA                                         (abs)        01F38
_ANSELB                                         (abs)        01F43
_ANSELC                                         (abs)        01F4E
_BAUD1CON                                       (abs)        0011F
_BEAT_detected                                  text31       010E8
_BEAT_init                                      text56       011DA
_BEAT_task                                      text52       00A6B
_BUTTONS_init                                   text50       015DD
_BUTTONS_isClicked                              text37       012F7
_BUTTONS_task                                   text49       00999
_CCP1CONbits                                    (abs)        0030E
_CCP2CONbits                                    (abs)        00312
_CCP3CONbits                                    (abs)        00316
_CCP4CONbits                                    (abs)        0031A
_CCPR1H                                         (abs)        0030D
_CCPR1L                                         (abs)        0030C
_CCPR2H                                         (abs)        00311
_CCPR2L                                         (abs)        00310
_CCPR3H                                         (abs)        00315
_CCPR3L                                         (abs)        00314
_CCPR4H                                         (abs)        00319
_CCPR4L                                         (abs)        00318
_CLOCK_getTime                                  text55       010D6
_CLOCK_init                                     text47       010AB
_CLOCK_timerCallback                            text62       0109F
_CONTROLLER_init                                text38       010B3
_CONTROLLER_task                                text33       0178A
_DMX_ISR                                        text69       0133B
_DMX_task                                       text32       0149B
_EUSART1_DefaultErrorHandler                    text73       01082
_EUSART1_DefaultFramingErrorHandler             text72       00002
_EUSART1_DefaultOverrunErrorHandler             text71       01092
_EUSART1_ErrorHandler                           nvBANK3      001DA
_EUSART1_FramingErrorHandler                    nvBANK2      00163
_EUSART1_Initialize                             text9        0154C
_EUSART1_OverrunErrorHandler                    nvBANK3      001DC
_EUSART1_Receive_ISR                            text70       01431
_EUSART1_RxDataHandler                          text74       011F1
_EUSART1_RxDefaultInterruptHandler              nvBANK2      00165
_EUSART1_SetErrorHandler                        text14       010F1
_EUSART1_SetFramingErrorHandler                 text13       010FA
_EUSART1_SetOverrunErrorHandler                 text12       01103
_EUSART1_SetRxInterruptHandler                  text11       0110C
_EUSART1_SetTxInterruptHandler                  text10       01115
_EUSART1_Transmit_ISR                           text68       01297
_EUSART1_TxDefaultInterruptHandler              nvBANK2      00167
_HueToRGB                                       text25       0061A
_HueToRGB$2787                                  cstackBANK1  000A0
_I2C1_BusCollisionISR                           text67       01085
_I2C1_FunctionComplete                          text66       01160
_I2C1_ISR                                       text64       00B44
_I2C1_Initialize                                text8        0123F
_I2C1_MasterTRBInsert                           text45       0167A
_I2C1_MasterWrite                               text43       013AD
_I2C1_MasterWriteTRBBuild                       text44       01318
_I2C1_Stop                                      text65       01209
_I2C1_WaitForLastPacketToComplete               text46       0109A
_INTCONbits                                     (abs)        0000B
_INTERRUPT_InterruptManager                     intentry     00004
_LATA                                           (abs)        00018
_LATB                                           (abs)        00019
_LATB6                                          (abs)        000CE
_LATC                                           (abs)        0001A
_LED_setColor                                   text24       014D2
_LED_setHSL                                     text19       00090
_LED_setHSL$2788                                cstackBANK1  000BB
_LED_setHSL$2789                                cstackBANK1  000C3
_LED_setHSL$2790                                cstackBANK1  000C7
_LED_setHSL$2791                                cstackBANK1  000BF
_LED_task                                       text16       016CF
_ODCONA                                         (abs)        01F3A
_ODCONB                                         (abs)        01F45
_ODCONC                                         (abs)        01F50
_OSCCON1                                        (abs)        0088D
_OSCCON3                                        (abs)        0088F
_OSCEN                                          (abs)        00891
_OSCFRQ                                         (abs)        00893
_OSCILLATOR_Initialize                          text7        0111E
_OSCTUNE                                        (abs)        00892
_PIE0bits                                       (abs)        00716
_PIE1bits                                       (abs)        00717
_PIE3bits                                       (abs)        00719
_PIN_MANAGER_Initialize                         text6        01404
_PIR0bits                                       (abs)        0070C
_PIR1bits                                       (abs)        0070D
_PIR3bits                                       (abs)        0070F
_PMD0                                           (abs)        00796
_PMD1                                           (abs)        00797
_PMD2                                           (abs)        00798
_PMD3                                           (abs)        00799
_PMD4                                           (abs)        0079A
_PMD5                                           (abs)        0079B
_PMD6                                           (abs)        0079C
_PMD7                                           (abs)        0079D
_PMD_Initialize                                 text5        01127
_PORTA                                          (abs)        0000C
_PORTC                                          (abs)        0000E
_RA4PPS                                         (abs)        01F14
_RA5PPS                                         (abs)        01F15
_RC1REG                                         (abs)        00119
_RC1STA                                         (abs)        0011D
_RC1STAbits                                     (abs)        0011D
_RC3PPS                                         (abs)        01F23
_RC4PPS                                         (abs)        01F24
_RC6PPS                                         (abs)        01F26
_RC7PPS                                         (abs)        01F27
_RX1DTPPS                                       (abs)        01ECB
_SLRCONA                                        (abs)        01F3B
_SLRCONB                                        (abs)        01F46
_SLRCONC                                        (abs)        01F51
_SP1BRGH                                        (abs)        0011C
_SP1BRGL                                        (abs)        0011B
_SSP1ADD                                        (abs)        0018D
_SSP1BUF                                        (abs)        0018C
_SSP1CLKPPS                                     (abs)        01EC5
_SSP1CON1                                       (abs)        00190
_SSP1CON1bits                                   (abs)        00190
_SSP1CON2bits                                   (abs)        00191
_SSP1CON3                                       (abs)        00192
_SSP1DATPPS                                     (abs)        01EC6
_SSP1STAT                                       (abs)        0018F
_SYSTEM_Initialize                              text3        011AF
_T0CON0                                         (abs)        0059E
_T0CON0bits                                     (abs)        0059E
_T0CON1                                         (abs)        0059F
_T2CLKCON                                       (abs)        00290
_T2CONbits                                      (abs)        0028E
_TM1650_enable                                  text36       01185
_TM1650_fastPrintNum                            text39       0080D
_TM1650_init                                    text2        01096
_TM1650_isEnabled                               text54       01088
_TM1650_setDigit                                text41       01223
_TMR0H                                          (abs)        0059D
_TMR0L                                          (abs)        0059C
_TMR0_DefaultInterruptHandler                   text63       00003
_TMR0_ISR                                       text61       00800
_TMR0_Initialize                                text4        01171
_TMR0_InterruptHandler                          nvBANK2      00161
_TMR0_SetInterruptHandler                       text48       010DF
_TRISA                                          (abs)        00012
_TRISB                                          (abs)        00013
_TRISB6                                         (abs)        0009E
_TRISC                                          (abs)        00014
_TRISC3                                         (abs)        000A3
_TRISC4                                         (abs)        000A4
_TRISC6                                         (abs)        000A6
_TRISC7                                         (abs)        000A7
_TX1REG                                         (abs)        0011A
_TX1STA                                         (abs)        0011E
_TX1STAbits                                     (abs)        0011E
_TXREG                                          (abs)        0011A
_WPUA                                           (abs)        01F39
_WPUB                                           (abs)        01F44
_WPUC                                           (abs)        01F4F
__CFG_BBEN$OFF                                  (abs)        00000
__CFG_BBSIZE$BB512                              (abs)        00000
__CFG_BOREN$ON                                  (abs)        00000
__CFG_BORV$LO                                   (abs)        00000
__CFG_CLKOUTEN$OFF                              (abs)        00000
__CFG_CP$OFF                                    (abs)        00000
__CFG_CSWEN$ON                                  (abs)        00000
__CFG_FCMEN$ON                                  (abs)        00000
__CFG_FEXTOSC$OFF                               (abs)        00000
__CFG_LPBOREN$OFF                               (abs)        00000
__CFG_LVP$ON                                    (abs)        00000
__CFG_MCLRE$ON                                  (abs)        00000
__CFG_PPS1WAY$ON                                (abs)        00000
__CFG_PWRTS$OFF                                 (abs)        00000
__CFG_RSTOSC$HFINT1                             (abs)        00000
__CFG_SAFEN$OFF                                 (abs)        00000
__CFG_STVREN$ON                                 (abs)        00000
__CFG_WDTCCS$SC                                 (abs)        00000
__CFG_WDTCPS$WDTCPS_31                          (abs)        00000
__CFG_WDTCWS$WDTCWS_7                           (abs)        00000
__CFG_WDTE$OFF                                  (abs)        00000
__CFG_WRTAPP$OFF                                (abs)        00000
__CFG_WRTB$OFF                                  (abs)        00000
__CFG_WRTC$OFF                                  (abs)        00000
__CFG_WRTD$OFF                                  (abs)        00000
__CFG_WRTSAF$OFF                                (abs)        00000
__CFG_ZCDDIS$OFF                                (abs)        00000
__Habs1                                         abs1         00000
__Hbank0                                        bank0        00000
__Hbank1                                        bank1        00000
__Hbank10                                       bank10       00000
__Hbank11                                       bank11       00000
__Hbank12                                       bank12       00000
__Hbank13                                       bank13       00000
__Hbank14                                       bank14       00000
__Hbank15                                       bank15       00000
__Hbank16                                       bank16       00000
__Hbank17                                       bank17       00000
__Hbank18                                       bank18       00000
__Hbank19                                       bank19       00000
__Hbank2                                        bank2        00000
__Hbank20                                       bank20       00000
__Hbank21                                       bank21       00000
__Hbank22                                       bank22       00000
__Hbank23                                       bank23       00000
__Hbank24                                       bank24       00000
__Hbank25                                       bank25       00000
__Hbank26                                       bank26       00000
__Hbank27                                       bank27       00000
__Hbank28                                       bank28       00000
__Hbank29                                       bank29       00000
__Hbank3                                        bank3        00000
__Hbank30                                       bank30       00000
__Hbank31                                       bank31       00000
__Hbank32                                       bank32       00000
__Hbank33                                       bank33       00000
__Hbank34                                       bank34       00000
__Hbank35                                       bank35       00000
__Hbank36                                       bank36       00000
__Hbank37                                       bank37       00000
__Hbank38                                       bank38       00000
__Hbank39                                       bank39       00000
__Hbank4                                        bank4        00000
__Hbank40                                       bank40       00000
__Hbank41                                       bank41       00000
__Hbank42                                       bank42       00000
__Hbank43                                       bank43       00000
__Hbank44                                       bank44       00000
__Hbank45                                       bank45       00000
__Hbank46                                       bank46       00000
__Hbank47                                       bank47       00000
__Hbank48                                       bank48       00000
__Hbank49                                       bank49       00000
__Hbank5                                        bank5        00000
__Hbank50                                       bank50       00000
__Hbank51                                       bank51       00000
__Hbank52                                       bank52       00000
__Hbank53                                       bank53       00000
__Hbank54                                       bank54       00000
__Hbank55                                       bank55       00000
__Hbank56                                       bank56       00000
__Hbank57                                       bank57       00000
__Hbank58                                       bank58       00000
__Hbank59                                       bank59       00000
__Hbank6                                        bank6        00000
__Hbank60                                       bank60       00000
__Hbank61                                       bank61       00000
__Hbank62                                       bank62       00000
__Hbank63                                       bank63       00000
__Hbank7                                        bank7        00000
__Hbank8                                        bank8        00000
__Hbank9                                        bank9        00000
__Hbigram                                       bigram       00000
__HbssBANK0                                     bssBANK0     00000
__HbssBANK1                                     bssBANK1     00000
__HbssBANK2                                     bssBANK2     00000
__HbssBANK3                                     bssBANK3     00000
__HbssCOMMON                                    bssCOMMON    00000
__Hcinit                                        cinit        00090
__Hclrtext                                      clrtext      00000
__Hcode                                         code         00000
__Hcommon                                       common       00000
__Hconfig                                       config       0800C
__HcstackBANK0                                  cstackBANK0  00000
__HcstackBANK1                                  cstackBANK1  00000
__HcstackBANK3                                  cstackBANK3  00000
__HcstackCOMMON                                 cstackCOMMON 00000
__HdataBANK2                                    dataBANK2    00000
__HdataBANK3                                    dataBANK3    00000
__HdataCOMMON                                   dataCOMMON   00000
__Heeprom_data                                  eeprom_data  00000
__Hend_init                                     end_init     0003B
__Hfunctab                                      functab      00000
__HidataBANK2                                   idataBANK2   00000
__HidataBANK3                                   idataBANK3   00000
__HidataCOMMON                                  idataCOMMON  00000
__Hidloc                                        idloc        00000
__Hinit                                         init         00039
__Hinittext                                     inittext     00000
__Hintentry                                     intentry     00039
__Hmaintext                                     maintext     00000
__HnvBANK2                                      nvBANK2      00000
__HnvBANK3                                      nvBANK3      00000
__Hpowerup                                      powerup      00000
__Hram                                          ram          00000
__Hreset_vec                                    reset_vec    00002
__Hsfr0                                         sfr0         00000
__Hsfr1                                         sfr1         00000
__Hsfr10                                        sfr10        00000
__Hsfr11                                        sfr11        00000
__Hsfr12                                        sfr12        00000
__Hsfr13                                        sfr13        00000
__Hsfr14                                        sfr14        00000
__Hsfr15                                        sfr15        00000
__Hsfr16                                        sfr16        00000
__Hsfr17                                        sfr17        00000
__Hsfr18                                        sfr18        00000
__Hsfr19                                        sfr19        00000
__Hsfr2                                         sfr2         00000
__Hsfr20                                        sfr20        00000
__Hsfr21                                        sfr21        00000
__Hsfr22                                        sfr22        00000
__Hsfr23                                        sfr23        00000
__Hsfr24                                        sfr24        00000
__Hsfr25                                        sfr25        00000
__Hsfr26                                        sfr26        00000
__Hsfr27                                        sfr27        00000
__Hsfr28                                        sfr28        00000
__Hsfr29                                        sfr29        00000
__Hsfr3                                         sfr3         00000
__Hsfr30                                        sfr30        00000
__Hsfr31                                        sfr31        00000
__Hsfr32                                        sfr32        00000
__Hsfr33                                        sfr33        00000
__Hsfr34                                        sfr34        00000
__Hsfr35                                        sfr35        00000
__Hsfr36                                        sfr36        00000
__Hsfr37                                        sfr37        00000
__Hsfr38                                        sfr38        00000
__Hsfr39                                        sfr39        00000
__Hsfr4                                         sfr4         00000
__Hsfr40                                        sfr40        00000
__Hsfr41                                        sfr41        00000
__Hsfr42                                        sfr42        00000
__Hsfr43                                        sfr43        00000
__Hsfr44                                        sfr44        00000
__Hsfr45                                        sfr45        00000
__Hsfr46                                        sfr46        00000
__Hsfr47                                        sfr47        00000
__Hsfr48                                        sfr48        00000
__Hsfr49                                        sfr49        00000
__Hsfr5                                         sfr5         00000
__Hsfr50                                        sfr50        00000
__Hsfr51                                        sfr51        00000
__Hsfr52                                        sfr52        00000
__Hsfr53                                        sfr53        00000
__Hsfr54                                        sfr54        00000
__Hsfr55                                        sfr55        00000
__Hsfr56                                        sfr56        00000
__Hsfr57                                        sfr57        00000
__Hsfr58                                        sfr58        00000
__Hsfr59                                        sfr59        00000
__Hsfr6                                         sfr6         00000
__Hsfr60                                        sfr60        00000
__Hsfr61                                        sfr61        00000
__Hsfr62                                        sfr62        00000
__Hsfr63                                        sfr63        00000
__Hsfr7                                         sfr7         00000
__Hsfr8                                         sfr8         00000
__Hsfr9                                         sfr9         00000
__Hspace_0                                      (abs)        0800C
__Hspace_1                                      (abs)        001E0
__Hspace_2                                      (abs)        00000
__Hspace_3                                      (abs)        00000
__Hstack                                        stack        00000
__Hstrings                                      strings      00000
__Hstringtext1                                  stringtext1  00000
__Htext                                         text         00000
__Labs1                                         abs1         00000
__Lbank0                                        bank0        00000
__Lbank1                                        bank1        00000
__Lbank10                                       bank10       00000
__Lbank11                                       bank11       00000
__Lbank12                                       bank12       00000
__Lbank13                                       bank13       00000
__Lbank14                                       bank14       00000
__Lbank15                                       bank15       00000
__Lbank16                                       bank16       00000
__Lbank17                                       bank17       00000
__Lbank18                                       bank18       00000
__Lbank19                                       bank19       00000
__Lbank2                                        bank2        00000
__Lbank20                                       bank20       00000
__Lbank21                                       bank21       00000
__Lbank22                                       bank22       00000
__Lbank23                                       bank23       00000
__Lbank24                                       bank24       00000
__Lbank25                                       bank25       00000
__Lbank26                                       bank26       00000
__Lbank27                                       bank27       00000
__Lbank28                                       bank28       00000
__Lbank29                                       bank29       00000
__Lbank3                                        bank3        00000
__Lbank30                                       bank30       00000
__Lbank31                                       bank31       00000
__Lbank32                                       bank32       00000
__Lbank33                                       bank33       00000
__Lbank34                                       bank34       00000
__Lbank35                                       bank35       00000
__Lbank36                                       bank36       00000
__Lbank37                                       bank37       00000
__Lbank38                                       bank38       00000
__Lbank39                                       bank39       00000
__Lbank4                                        bank4        00000
__Lbank40                                       bank40       00000
__Lbank41                                       bank41       00000
__Lbank42                                       bank42       00000
__Lbank43                                       bank43       00000
__Lbank44                                       bank44       00000
__Lbank45                                       bank45       00000
__Lbank46                                       bank46       00000
__Lbank47                                       bank47       00000
__Lbank48                                       bank48       00000
__Lbank49                                       bank49       00000
__Lbank5                                        bank5        00000
__Lbank50                                       bank50       00000
__Lbank51                                       bank51       00000
__Lbank52                                       bank52       00000
__Lbank53                                       bank53       00000
__Lbank54                                       bank54       00000
__Lbank55                                       bank55       00000
__Lbank56                                       bank56       00000
__Lbank57                                       bank57       00000
__Lbank58                                       bank58       00000
__Lbank59                                       bank59       00000
__Lbank6                                        bank6        00000
__Lbank60                                       bank60       00000
__Lbank61                                       bank61       00000
__Lbank62                                       bank62       00000
__Lbank63                                       bank63       00000
__Lbank7                                        bank7        00000
__Lbank8                                        bank8        00000
__Lbank9                                        bank9        00000
__Lbigram                                       bigram       00000
__LbssBANK0                                     bssBANK0     00000
__LbssBANK1                                     bssBANK1     00000
__LbssBANK2                                     bssBANK2     00000
__LbssBANK3                                     bssBANK3     00000
__LbssCOMMON                                    bssCOMMON    00000
__Lcinit                                        cinit        0003B
__Lclrtext                                      clrtext      00000
__Lcode                                         code         00000
__Lcommon                                       common       00000
__Lconfig                                       config       08007
__LcstackBANK0                                  cstackBANK0  00000
__LcstackBANK1                                  cstackBANK1  00000
__LcstackBANK3                                  cstackBANK3  00000
__LcstackCOMMON                                 cstackCOMMON 00000
[...]
Total ram usage:        0 bytes
 Hardware stack levels used:    1
 Hardware stack levels required when called:    2
 This function calls:
		Absolute function
		_EUSART1_DefaultErrorHandler
		_EUSART1_DefaultFramingErrorHandler
		_EUSART1_DefaultOverrunErrorHandler
		_EUSART1_RxDataHandler
 This function is called by:
		_EUSART1_Initialize
		_INTERRUPT_InterruptManager
 This function uses a non-reentrant model


 *************** function _EUSART1_DefaultOverrunErrorHandler *****************
 Defined at:
		line 249 in file "mcc_generated_files/eusart1.c"
 Parameters:    Size  Location     Type
		None
 Auto vars:     Size  Location     Type
		None
 Return value:  Size  Location     Type
                  1    wreg      void 
 Registers used:
		None
 Tracked objects:
		On entry : 
		On exit  : 
		Unchanged: 
 Data sizes:     COMMON   BANK0   BANK1   BANK2   BANK3   BANK4   BANK5   BANK6   BANK7   BANK8   BANK9  BANK10  BANK11  BANK12  BANK13  BANK14  BANK15  BANK16  BANK17  BANK18  BANK19  BANK20  BANK21  BANK22  BANK23  BANK24  BANK25
      Params:         0       0       0       0       0       0       0       0       0       0       0       0       0       0       0       0       0       0       0       0       0       0       0       0       0       0       0
      Locals:         0       0       0       0       0       0       0       0       0       0       0       0       0       0       0       0       0       0       0       0       0       0       0       0       0       0       0
      Temps:          0       0       0       0       0       0       0       0       0       0       0       0       0       0       0       0       0       0       0       0       0       0       0       0       0       0       0
      Totals:         0       0       0       0       0       0       0       0       0       0       0       0       0       0       0       0       0       0       0       0       0       0       0       0       0       0       0
Total ram usage:        0 bytes
 Hardware stack levels used:    1
 This function calls:
		Nothing
 This function is called by:
		_EUSART1_Initialize
		_EUSART1_Receive_ISR
 This function uses a non-reentrant model


 *************** function _EUSART1_DefaultFramingErrorHandler *****************
 Defined at:
		line 247 in file "mcc_generated_files/eusart1.c"
 Parameters:    Size  Location     Type
		None
 Auto vars:     Size  Location     Type
		None
 Return value:  Size  Location     Type
                  1    wreg      void 
 Registers used:
		None
 Tracked objects:
		On entry : 
		On exit  : 
		Unchanged: 
 Data sizes:     COMMON   BANK0   BANK1   BANK2   BANK3   BANK4   BANK5   BANK6   BANK7   BANK8   BANK9  BANK10  BANK11  BANK12  BANK13  BANK14  BANK15  BANK16  BANK17  BANK18  BANK19  BANK20  BANK21  BANK22  BANK23  BANK24  BANK25
      Params:         0       0       0       0       0       0       0       0       0       0       0       0       0       0       0       0       0       0       0       0       0       0       0       0       0       0       0
      Locals:         0       0       0       0       0       0       0       0       0       0       0       0       0       0       0       0       0       0       0       0       0       0       0       0       0       0       0
      Temps:          0       0       0       0       0       0       0       0       0       0       0       0       0       0       0       0       0       0       0       0       0       0       0       0       0       0       0
      Totals:         0       0       0       0       0       0       0       0       0       0       0       0       0       0       0       0       0       0       0       0       0       0       0       0       0       0       0
Total ram usage:        0 bytes
 Hardware stack levels used:    1
 This function calls:
		Nothing
 This function is called by:
		_EUSART1_Initialize
		_EUSART1_Receive_ISR
 This function uses a non-reentrant model


 *************** function _EUSART1_DefaultErrorHandler *****************
 Defined at:
		line 257 in file "mcc_generated_files/eusart1.c"
 Parameters:    Size  Location     Type
		None
 Auto vars:     Size  Location     Type
		None
 Return value:  Size  Location     Type
                  1    wreg      void 
 Registers used:
		wreg, fsr1l, fsr1h, status,2, status,0, pclath, cstack
 Tracked objects:
		On entry : 
		On exit  : 
		Unchanged: 
 Data sizes:     COMMON   BANK0   BANK1   BANK2   BANK3   BANK4   BANK5   BANK6   BANK7   BANK8   BANK9  BANK10  BANK11  BANK12  BANK13  BANK14  BANK15  BANK16  BANK17  BANK18  BANK19  BANK20  BANK21  BANK22  BANK23  BANK24  BANK25
      Params:         0       0       0       0       0       0       0       0       0       0       0       0       0       0       0       0       0       0       0       0       0       0       0       0       0       0       0
      Locals:         0       0       0       0       0       0       0       0       0       0       0       0       0       0       0       0       0       0       0       0       0       0       0       0       0       0       0
      Temps:          0       0       0       0       0       0       0       0       0       0       0       0       0       0       0       0       0       0       0       0       0       0       0       0       0       0       0
      Totals:         0       0       0       0       0       0       0       0       0       0       0       0       0       0       0       0       0       0       0       0       0       0       0       0       0       0       0
Total ram usage:        0 bytes
 Hardware stack levels used:    1
 Hardware stack levels required when called:    1
 This function calls:
		_EUSART1_RxDataHandler
 This function is called by:
		_EUSART1_Initialize
		_EUSART1_Receive_ISR
 This function uses a non-reentrant model


 *************** function _EUSART1_RxDataHandler *****************
 Defined at:
		line 237 in file "mcc_generated_files/eusart1.c"
 Parameters:    Size  Location     Type
		None
 Auto vars:     Size  Location     Type
		None
 Return value:  Size  Location     Type
                  1    wreg      void 
 Registers used:
		wreg, fsr1l, fsr1h, status,2, status,0
 Tracked objects:
		On entry : 
		On exit  : 
		Unchanged: 
 Data sizes:     COMMON   BANK0   BANK1   BANK2   BANK3   BANK4   BANK5   BANK6   BANK7   BANK8   BANK9  BANK10  BANK11  BANK12  BANK13  BANK14  BANK15  BANK16  BANK17  BANK18  BANK19  BANK20  BANK21  BANK22  BANK23  BANK24  BANK25
      Params:         0       0       0       0       0       0       0       0       0       0       0       0       0       0       0       0       0       0       0       0       0       0       0       0       0       0       0
      Locals:         0       0       0       0       0       0       0       0       0       0       0       0       0       0       0       0       0       0       0       0       0       0       0       0       0       0       0
      Temps:          1       0       0       0       0       0       0       0       0       0       0       0       0       0       0       0       0       0       0       0       0       0       0       0       0       0       0
      Totals:         1       0       0       0       0       0       0       0       0       0       0       0       0       0       0       0       0       0       0       0       0       0       0       0       0       0       0
Total ram usage:        1 bytes
 Hardware stack levels used:    1
 This function calls:
		Nothing
 This function is called by:
		_EUSART1_Receive_ISR
		_EUSART1_DefaultErrorHandler
 This function uses a non-reentrant model


 *************** function _ADCC_ThresholdISR *****************
 Defined at:
		line 308 in file "mcc_generated_files/adcc.c"
 Parameters:    Size  Location     Type
		None
 Auto vars:     Size  Location     Type
		None
 Return value:  Size  Location     Type
                  1    wreg      void 
 Registers used:
		wreg, status,2, status,0, pclath, cstack
 Tracked objects:
		On entry : 
		On exit  : 
		Unchanged: 
 Data sizes:     COMMON   BANK0   BANK1   BANK2   BANK3   BANK4   BANK5   BANK6   BANK7   BANK8   BANK9  BANK10  BANK11  BANK12  BANK13  BANK14  BANK15  BANK16  BANK17  BANK18  BANK19  BANK20  BANK21  BANK22  BANK23  BANK24  BANK25
      Params:         0       0       0       0       0       0       0       0       0       0       0       0       0       0       0       0       0       0       0       0       0       0       0       0       0       0       0
      Locals:         0       0       0       0       0       0       0       0       0       0       0       0       0       0       0       0       0       0       0       0       0       0       0       0       0       0       0
      Temps:          0       0       0       0       0       0       0       0       0       0       0       0       0       0       0       0       0       0       0       0       0       0       0       0       0       0       0
      Totals:         0       0       0       0       0       0       0       0       0       0       0       0       0       0       0       0       0       0       0       0       0       0       0       0       0       0       0
Total ram usage:        0 bytes
 Hardware stack levels used:    1
 Hardware stack levels required when called:    1
 This function calls:
		Absolute function
		_ADCC_DefaultInterruptHandler
		_adcThresholdHandler
 This function is called by:
		_INTERRUPT_InterruptManager
 This function uses a non-reentrant model


 *************** function _ADCC_DefaultInterruptHandler *****************
 Defined at:
		line 320 in file "mcc_generated_files/adcc.c"
 Parameters:    Size  Location     Type
		None
 Auto vars:     Size  Location     Type
		None
 Return value:  Size  Location     Type
                  1    wreg      void 
 Registers used:
		None
 Tracked objects:
		On entry : 
		On exit  : 
		Unchanged: 
 Data sizes:     COMMON   BANK0   BANK1   BANK2   BANK3   BANK4   BANK5   BANK6   BANK7   BANK8   BANK9  BANK10  BANK11  BANK12  BANK13  BANK14  BANK15  BANK16  BANK17  BANK18  BANK19  BANK20  BANK21  BANK22  BANK23  BANK24  BANK25
      Params:         0       0       0       0       0       0       0       0       0       0       0       0       0       0       0       0       0       0       0       0       0       0       0       0       0       0       0
      Locals:         0       0       0       0       0       0       0       0       0       0       0       0       0       0       0       0       0       0       0       0       0       0       0       0       0       0       0
      Temps:          0       0       0       0       0       0       0       0       0       0       0       0       0       0       0       0       0       0       0       0       0       0       0       0       0       0       0
      Totals:         0       0       0       0       0       0       0       0       0       0       0       0       0       0       0       0       0       0       0       0       0       0       0       0       0       0       0
Total ram usage:        0 bytes
 Hardware stack levels used:    1
 This function calls:
		Nothing
 This function is called by:
		_ADCC_Initialize
		_ADCC_ThresholdISR
 This function uses a non-reentrant model


 *************** function _adcThresholdHandler *****************
 Defined at:
		line 27 in file "beat.c"
 Parameters:    Size  Location     Type
		None
 Auto vars:     Size  Location     Type
		None
 Return value:  Size  Location     Type
                  1    wreg      void 
 Registers used:
		None
 Tracked objects:
		On entry : 
		On exit  : 
		Unchanged: 
 Data sizes:     COMMON   BANK0   BANK1   BANK2   BANK3   BANK4   BANK5   BANK6   BANK7   BANK8   BANK9  BANK10  BANK11  BANK12  BANK13  BANK14  BANK15  BANK16  BANK17  BANK18  BANK19  BANK20  BANK21  BANK22  BANK23  BANK24  BANK25
      Params:         0       0       0       0       0       0       0       0       0       0       0       0       0       0       0       0       0       0       0       0       0       0       0       0       0       0       0
      Locals:         0       0       0       0       0       0       0       0       0       0       0       0       0       0       0       0       0       0       0       0       0       0       0       0       0       0       0
      Temps:          0       0       0       0       0       0       0       0       0       0       0       0       0       0       0       0       0       0       0       0       0       0       0       0       0       0       0
      Totals:         0       0       0       0       0       0       0       0       0       0       0       0       0       0       0       0       0       0       0       0       0       0       0       0       0       0       0
Total ram usage:        0 bytes
 Hardware stack levels used:    1
 This function calls:
		Nothing
 This function is called by:
		_BEAT_init
		_ADCC_ThresholdISR
 This function uses a non-reentrant model



MODULE INFORMATION

Module		Function		Class		Link	Load	Size
C:\Program Files (x86)\Microchip\xc8\v2.05\pic\sources\c99\common\lwmod.c
		___lwmod       		CODE           	13D7	0000	46

C:\Program Files (x86)\Microchip\xc8\v2.05\pic\sources\c99\common\lwmod.c estimated size: 46

clock.c
		_CLOCK_getTime 		CODE           	10D6	0000	10
		_CLOCK_init    		CODE           	10AB	0000	9
		_CLOCK_timerCallback		CODE           	109F	0000	7

clock.c estimated size: 26

mcc_generated_files/interrupt_manager.c
		_INTERRUPT_InterruptManager		CODE           	0004	0000	54

mcc_generated_files/interrupt_manager.c estimated size: 54

C:\Program Files (x86)\Microchip\xc8\v2.05\pic\sources\c99\common\flge.c
		___flge        		CODE           	0887	0000	125

C:\Program Files (x86)\Microchip\xc8\v2.05\pic\sources\c99\common\flge.c estimated size: 125

mcc_generated_files/tmr0.c
		_TMR0_SetInterruptHandler		CODE           	10DF	0000	10
		_TMR0_DefaultInterruptHandler		CODE           	0003	0000	2
		_TMR0_ISR      		CODE           	0800	0000	14
		_TMR0_Initialize		CODE           	1171	0000	21

mcc_generated_files/tmr0.c estimated size: 47

mcc_generated_files/i2c1.c
		_I2C1_BusCollisionISR		CODE           	1085	0000	4
		_I2C1_FunctionComplete		CODE           	1160	0000	18
		_I2C1_MasterWriteTRBBuild		CODE           	1318	0000	36
		_I2C1_ISR      		CODE           	0B44	0000	353
		_I2C1_MasterWrite		CODE           	13AD	0000	43
		_I2C1_Initialize		CODE           	123F	0000	29
		_I2C1_Stop     		CODE           	1209	0000	27
		_I2C1_WaitForLastPacketToComplete		CODE           	109A	0000	6
		_I2C1_MasterTRBInsert		CODE           	167A	0000	86

mcc_generated_files/i2c1.c estimated size: 602

mcc_generated_files/pin_manager.c
		_PIN_MANAGER_Initialize		CODE           	1404	0000	46

mcc_generated_files/pin_manager.c estimated size: 46

C:\Program Files (x86)\Microchip\xc8\v2.05\pic\sources\c99\common\xxtofl.c
		___xxtofl      		CODE           	0903	0000	151

C:\Program Files (x86)\Microchip\xc8\v2.05\pic\sources\c99\common\xxtofl.c estimated size: 151

buttons.c
		_BUTTONS_task  		CODE           	0999	0000	211
		_BUTTONS_init  		CODE           	15DD	0000	76
		_init          		CODE           	12B7	0000	33
		_BUTTONS_isClicked		CODE           	12F7	0000	34

buttons.c estimated size: 354

C:\Program Files (x86)\Microchip\xc8\v2.05\pic\sources\c99\common\lwdiv.c
		___lwdiv       		CODE           	1466	0000	54

C:\Program Files (x86)\Microchip\xc8\v2.05\pic\sources\c99\common\lwdiv.c estimated size: 54

C:\Program Files (x86)\Microchip\xc8\v2.05\pic\sources\c99\common\fltol.c
		___fltol       		CODE           	1724	0000	103

C:\Program Files (x86)\Microchip\xc8\v2.05\pic\sources\c99\common\fltol.c estimated size: 103

C:\Program Files (x86)\Microchip\xc8\v2.05\pic\sources\c99\common\sprcmul.c
		___flmul       		CODE           	03EE	0000	557

C:\Program Files (x86)\Microchip\xc8\v2.05\pic\sources\c99\common\sprcmul.c estimated size: 557

C:\Program Files (x86)\Microchip\xc8\v2.05\pic\sources\c99\common\sprcdiv.c
		___fldiv       		CODE           	0CA4	0000	379

C:\Program Files (x86)\Microchip\xc8\v2.05\pic\sources\c99\common\sprcdiv.c estimated size: 379

shared
		__initialization		CODE           	003B	0000	82
		_charTable     		STRCODE        	1800	0000	97

shared estimated size: 179

mcc_generated_files/eusart1.c
		_EUSART1_SetRxInterruptHandler		CODE           	110C	0000	10
		_EUSART1_SetTxInterruptHandler		CODE           	1115	0000	10
		_EUSART1_Initialize		CODE           	154C	0000	73
		_EUSART1_DefaultErrorHandler		CODE           	1082	0000	4
		_EUSART1_SetFramingErrorHandler		CODE           	10FA	0000	10
		_EUSART1_SetOverrunErrorHandler		CODE           	1103	0000	10
		_EUSART1_SetErrorHandler		CODE           	10F1	0000	10
		_EUSART1_Receive_ISR		CODE           	1431	0000	54
		_EUSART1_RxDataHandler		CODE           	11F1	0000	25
		_EUSART1_DefaultOverrunErrorHandler		CODE           	1092	0000	5
		_EUSART1_Transmit_ISR		CODE           	1297	0000	33
		_EUSART1_DefaultFramingErrorHandler		CODE           	0002	0000	2

mcc_generated_files/eusart1.c estimated size: 246

mcc_generated_files/mcc.c
		_PMD_Initialize		CODE           	1127	0000	11
		_OSCILLATOR_Initialize		CODE           	111E	0000	10
		_SYSTEM_Initialize		CODE           	11AF	0000	22

mcc_generated_files/mcc.c estimated size: 43

C:\Program Files (x86)\Microchip\xc8\v2.05\pic\sources\c99\common\fleq.c
		___fleq        		CODE           	1594	0000	74

C:\Program Files (x86)\Microchip\xc8\v2.05\pic\sources\c99\common\fleq.c estimated size: 74

controller.c
		_CONTROLLER_task		CODE           	178A	0000	119
		_CONTROLLER_init		CODE           	10B3	0000	9
		_address_dec   		CODE           	119A	0000	22
		_address_inc   		CODE           	11C4	0000	23

controller.c estimated size: 173

tm1650.c
		_TM1650_init   		CODE           	1096	0000	5
		_TM1650_isEnabled		CODE           	1088	0000	4
		_TM1650_enable 		CODE           	1185	0000	22
		_TM1650_fastPrintNum		CODE           	080D	0000	123
		_writeData     		CODE           	125B	0000	30
		_TM1650_setDigit		CODE           	1223	0000	29

tm1650.c estimated size: 213

mcc_generated_files/adcc.c
		_ADCC_DefaultInterruptHandler		CODE           	1081	0000	2
		_ADCC_SetADTIInterruptHandler		CODE           	10BB	0000	10
		_ADCC_ThresholdISR		CODE           	1153	0000	14
		_ADCC_StartConversion		CODE           	10CD	0000	10
		_ADCC_Initialize		CODE           	135F	0000	39
		_ADCC_SetUpperThreshold		CODE           	10C4	0000	10

mcc_generated_files/adcc.c estimated size: 85

dmx.c
		_isDMXOn       		CODE           	108B	0000	4
		_DMX_task      		CODE           	149B	0000	56
		_DMX_ISR       		CODE           	133B	0000	37

dmx.c estimated size: 97

C:\Program Files (x86)\Microchip\xc8\v2.05\pic\sources\c99\common\Umul8_16.c
		__Umul8_16     		CODE           	12D7	0000	33

C:\Program Files (x86)\Microchip\xc8\v2.05\pic\sources\c99\common\Umul8_16.c estimated size: 33

main.c
		_main          		CODE           	150E	0000	63

main.c estimated size: 63

beat.c
		_BEAT_task     		CODE           	0A6B	0000	218
		_BEAT_init     		CODE           	11DA	0000	24
		_BEAT_detected 		CODE           	10E8	0000	10
		_adcThresholdHandler		CODE           	108E	0000	5

beat.c estimated size: 257

C:\Program Files (x86)\Microchip\xc8\v2.05\pic\sources\c99\common\sprcadd.c
		___flsub       		CODE           	1278	0000	32
		___fladd       		CODE           	0E1E	0000	483

C:\Program Files (x86)\Microchip\xc8\v2.05\pic\sources\c99\common\sprcadd.c estimated size: 515

led.c
		_HueToRGB      		CODE           	061A	0000	485
		_fadeColor     		CODE           	1628	0000	83
		_initLED       		CODE           	1385	0000	41
		_LED_setHSL    		CODE           	0090	0000	863
		_LED_setColor  		CODE           	14D2	0000	61
		_LED_task      		CODE           	16CF	0000	86

led.c estimated size: 1619

