Microchip MPLAB XC8 Compiler V2.05 ()

Linker command line:

-W-3 --edf=C:\Program Files (x86)\Microchip\xc8\v2.05\pic\dat\en_msgs.txt \
  -cs -h+dist/default/production\DMX.X.production.sym \
  --cmf=dist/default/production\DMX.X.production.cmf -z -Q16F18446 \
  -oC:\Users\User\AppData\Local\Temp\s450.2 --defsym=__MPLAB_BUILD=1 \
  -Mdist/default/production/DMX.X.production.map -E1 -ver=XC8 --acfsm=1493 \
  -ASTACK=02094h-025EEh -pstack=STACK -ACODE=00h-07FFhx8 \
  -ASTRCODE=00h-03FFFh -ASTRING=00h-0FFhx64 -ACONST=00h-0FFhx64 \
  -AENTRY=00h-0FFhx64 -ACOMMON=070h-07Fh -ABANK0=020h-06Fh \
  -ABANK1=0A0h-0EFh -ABANK2=0120h-016Fh -ABANK3=01A0h-01EFh \
  -ABANK4=0220h-026Fh -ABANK5=02A0h-02EFh -ABANK6=0320h-036Fh \
  -ABANK7=03A0h-03EFh -ABANK8=0420h-046Fh -ABANK9=04A0h-04EFh \
  -ABANK10=0520h-056Fh -ABANK11=05A0h-05EFh -ABANK12=0620h-066Fh \
  -ABANK13=06A0h-06EFh -ABANK14=0720h-076Fh -ABANK15=07A0h-07EFh \
  -ABANK16=0820h-086Fh -ABANK17=08A0h-08EFh -ABANK18=0920h-096Fh \
  -ABANK19=09A0h-09EFh -ABANK20=0A20h-0A6Fh -ABANK21=0AA0h-0AEFh \
  -ABANK22=0B20h-0B6Fh -ABANK23=0BA0h-0BEFh -ABANK24=0C20h-0C6Fh \
  -ABANK25=0CA0h-0CBFh -ABIGRAM=02000h-027EFh \
  -ARAM=020h-06Fh,0A0h-0EFh,0120h-016Fh,01A0h-01EFh,0220h-026Fh,02A0h-02EFh,0320h-036Fh,03A0h-03EFh,0420h-046Fh,04A0h-04EFh,0520h-056Fh,05A0h-05EFh,0620h-066Fh,06A0h-06EFh,0720h-076Fh,07A0h-07EFh,0820h-086Fh,08A0h-08EFh,0920h-096Fh,09A0h-09EFh,0A20h-0A6Fh,0AA0h-0AEFh,0B20h-0B6Fh,0BA0h-0BEFh,0C20h-0C6Fh,0CA0h-0CBFh \
  -AABS1=020h-07Fh,0A0h-0EFh,0120h-016Fh,01A0h-01EFh,0220h-026Fh,02A0h-02EFh,0320h-036Fh,03A0h-03EFh,0420h-046Fh,04A0h-04EFh,0520h-056Fh,05A0h-05EFh,0620h-066Fh,06A0h-06EFh,0720h-076Fh,07A0h-07EFh,0820h-086Fh,08A0h-08EFh,0920h-096Fh,09A0h-09EFh,0A20h-0A6Fh,0AA0h-0AEFh,0B20h-0B6Fh,0BA0h-0BEFh,0C20h-0C6Fh,0CA0h-0CBFh \
  -ASFR0=00h-01Fh -ASFR1=080h-09Fh -ASFR2=0100h-011Fh -ASFR3=0180h-019Fh \
  -ASFR4=0200h-021Fh -ASFR5=0280h-029Fh -ASFR6=0300h-031Fh \
  -ASFR7=0380h-039Fh -ASFR8=0400h-041Fh -ASFR9=0480h-049Fh \
  -ASFR10=0500h-051Fh -ASFR11=0580h-059Fh -ASFR12=0600h-061Fh \
  -ASFR13=0680h-069Fh -ASFR14=0700h-071Fh -ASFR15=0780h-079Fh \
  -ASFR16=0800h-081Fh -ASFR17=0880h-089Fh -ASFR18=0900h-091Fh \
  -ASFR19=0980h-099Fh -ASFR20=0A00h-0A1Fh -ASFR21=0A80h-0A9Fh \
  -ASFR22=0B00h-0B1Fh -ASFR23=0B80h-0B9Fh -ASFR24=0C00h-0C1Fh \
  -ASFR25=0C80h-0C9Fh -ASFR26=0D00h-0D6Fh -ASFR27=0D80h-0DEFh \
  -ASFR28=0E00h-0E6Fh -ASFR29=0E80h-0EEFh -ASFR30=0F00h-0F6Fh \
  -ASFR31=0F80h-0FEFh -ASFR32=01000h-0106Fh -ASFR33=01080h-010EFh \
  -ASFR34=01100h-0116Fh -ASFR35=01180h-011EFh -ASFR36=01200h-0126Fh \
  -ASFR37=01280h-012EFh -ASFR38=01300h-0136Fh -ASFR39=01380h-013EFh \
  -ASFR40=01400h-0146Fh -ASFR41=01480h-014EFh -ASFR42=01500h-0156Fh \
  -ASFR43=01580h-015EFh -ASFR44=01600h-0166Fh -ASFR45=01680h-016EFh \
  -ASFR46=01700h-0176Fh -ASFR47=01780h-017EFh -ASFR48=01800h-0186Fh \
  -ASFR49=01880h-018EFh -ASFR50=01900h-0196Fh -ASFR51=01980h-019EFh \
  -ASFR52=01A00h-01A6Fh -ASFR53=01A80h-01AEFh -ASFR54=01B00h-01B6Fh \
  -ASFR55=01B80h-01BEFh -ASFR56=01C00h-01C6Fh -ASFR57=01C80h-01CEFh \
  -ASFR58=01D00h-01D6Fh -ASFR59=01D80h-01DEFh -ASFR60=01E00h-01E6Fh \
  -ASFR61=01E80h-01EEFh -ASFR62=01F00h-01F6Fh -ASFR63=01F80h-01FEFh \
  -preset_vec=00h,intentry=04h,init,end_init -ppowerup=CODE -pcinit=CODE \
  -pfunctab=ENTRY -ACONFIG=08007h-0800Bh -pconfig=CONFIG -DCONFIG=2 \
  -AIDLOC=08000h-08003h -pidloc=IDLOC -DIDLOC=2 -AEEDATA=00h-0FFh/0F000h \
  -peeprom_data=EEDATA -DEEDATA=2 -DCODE=2 -DSTRCODE=2 -DSTRING=2 -DCONST=2 \
  -DENTRY=2 -k C:\Users\User\AppData\Local\Temp\s450.o \
  dist/default/production\DMX.X.production.o 

Object code version is 3.11

Machine type is 16F18446



                Name                               Link     Load   Length Selector   Space Scale
C:\Users\User\AppData\Local\Temp\s450.o
                end_init                             33       33        2        8       0
                reset_vec                             0        0        2        0       0
                config                             8007     8007        5    1000E       0
dist/default/production\DMX.X.production.o
                cinit                                35       35       32        8       0
                intentry                              4        4       2F        8       0
                text50                              668      668       17      69A       0
                text49                              794      794        3      69A       0
                text48                              79A      79A        1      69A       0
                text47                              78D      78D        4      69A       0
                text46                              449      449       32      69A       0
                text45                              59C      59C       25      69A       0
                text44                              5FE      5FE       1D      69A       0
                text43                              791      791        3      69A       0
                text42                              6F8      6F8       11      69A       0
                text41                              650      650       18      69A       0
                text40                               67       67      149        8       0
                text39                              799      799        1      69A       0
                text38                              782      782        6      69A       0
                text37                              709      709        D      69A       0
                text35                              61B      61B       1C      69A       0
                text34                              3D5      3D5       3F      69A       0
                text33                              77C      77C        6      69A       0
                text32                              1B0      1B0       BA        8       0
                text31                              776      776        6      69A       0
                text30                              761      761        8      69A       0
                text29                              788      788        5      69A       0
                text28                              34D      34D       45      69A       0
                text27                              5C1      5C1       20      69A       0
                text26                              550      550       27      69A       0
                text25                              5E1      5E1       1D      69A       0
                text24                              529      529       27      69A       0
                text23                              414      414       35      69A       0
                text22                              4A8      4A8       2D      69A       0
                text21                              26A      26A       83        8       0
                text20                              759      759        8      69A       0
                text19                              695      695       16      69A       0
                text18                              6E6      6E6       12      69A       0
                text17                              6AB      6AB       15      69A       0
                text16                              67F      67F       16      69A       0
                text15                              4D5      4D5       2C      69A       0
                text14                              750      750        9      69A       0
                text13                              747      747        9      69A       0
                text12                              73E      73E        9      69A       0
                text11                              735      735        9      69A       0
                text10                              770      770        6      69A       0
                text9                               392      392       43      69A       0
                text8                               637      637       19      69A       0
                text7                               72C      72C        9      69A       0
                text6                               47B      47B       2D      69A       0
                text5                               722      722        A      69A       0
                text4                               6C0      6C0       14      69A       0
                text3                               6D4      6D4       12      69A       0
                text2                               769      769        7      69A       0
                text1                               501      501       28      69A       0
                maintext                            577      577       25      69A       0
                cstackBANK0                          48       48       1F       20       1
                cstackCOMMON                         76       76        6       70       1
                cstackBANK1                          E0       E0        4       A0       1
                clrtext                             716      716        C      69A       0
                bssBANK1                             A0       A0       38       A0       1
                dataBANK0                            6C       6C        2       20       1
                bssBANK0                             20       20       28       20       1
                bssCOMMON                            70       70        6       70       1
                nvBANK1                              D8       D8        8       A0       1
                nvBANK0                              67       67        5       20       1
                stringtext1                         2ED      2ED       60      5DA       0
                idataBANK0                          797      797        2      69A       0

TOTAL           Name                               Link     Load   Length     Space
        CLASS   STACK          

        CLASS   CODE           
                end_init                             33       33        2         0
                cinit                                35       35       32         0
                intentry                              4        4       2F         0
                reset_vec                             0        0        2         0
                text50                              668      668       17         0
                text49                              794      794        3         0
                text48                              79A      79A        1         0
                text47                              78D      78D        4         0
                text46                              449      449       32         0
                text45                              59C      59C       25         0
                text44                              5FE      5FE       1D         0
                text43                              791      791        3         0
                text42                              6F8      6F8       11         0
                text41                              650      650       18         0
                text40                               67       67      149         0
                text39                              799      799        1         0
                text38                              782      782        6         0
                text37                              709      709        D         0
                text35                              61B      61B       1C         0
                text34                              3D5      3D5       3F         0
                text33                              77C      77C        6         0
                text32                              1B0      1B0       BA         0
                text31                              776      776        6         0
                text30                              761      761        8         0
                text29                              788      788        5         0
                text28                              34D      34D       45         0
                text27                              5C1      5C1       20         0
                text26                              550      550       27         0
                text25                              5E1      5E1       1D         0
                text24                              529      529       27         0
                text23                              414      414       35         0
                text22                              4A8      4A8       2D         0
                text21                              26A      26A       83         0
                text20                              759      759        8         0
                text19                              695      695       16         0
                text18                              6E6      6E6       12         0
                text17                              6AB      6AB       15         0
                text16                              67F      67F       16         0
                text15                              4D5      4D5       2C         0
                text14                              750      750        9         0
                text13                              747      747        9         0
                text12                              73E      73E        9         0
                text11                              735      735        9         0
                text10                              770      770        6         0
                text9                               392      392       43         0
                text8                               637      637       19         0
                text7                               72C      72C        9         0
                text6                               47B      47B       2D         0
                text5                               722      722        A         0
                text4                               6C0      6C0       14         0
                text3                               6D4      6D4       12         0
                text2                               769      769        7         0
                text1                               501      501       28         0
                maintext                            577      577       25         0
                clrtext                             716      716        C         0
                idataBANK0                          797      797        2         0

        CLASS   STRCODE        
                stringtext1                         2ED      2ED       60         0

        CLASS   STRING         

        CLASS   CONST          

        CLASS   ENTRY          

        CLASS   COMMON         
                cstackCOMMON                         76       76        6         1
                bssCOMMON                            70       70        6         1

        CLASS   BANK0          
                cstackBANK0                          48       48       1F         1
                dataBANK0                            6C       6C        2         1
                bssBANK0                             20       20       28         1
                nvBANK0                              67       67        5         1

        CLASS   BANK1          
                cstackBANK1                          E0       E0        4         1
                bssBANK1                             A0       A0       38         1
                nvBANK1                              D8       D8        8         1

        CLASS   BANK2          

        CLASS   BANK3          

        CLASS   BANK4          

        CLASS   BANK5          

        CLASS   BANK6          

        CLASS   BANK7          

        CLASS   BANK8          

        CLASS   BANK9          

        CLASS   BANK10         

        CLASS   BANK11         

        CLASS   BANK12         

        CLASS   BANK13         

        CLASS   BANK14         

        CLASS   BANK15         

        CLASS   BANK16         

        CLASS   BANK17         

        CLASS   BANK18         

        CLASS   BANK19         

        CLASS   BANK20         

        CLASS   BANK21         

        CLASS   BANK22         

        CLASS   BANK23         

        CLASS   BANK24         

        CLASS   BANK25         

        CLASS   BIGRAM         

        CLASS   RAM            

        CLASS   ABS1           
                abs_s1                               7E       7E        2         1
                abs_s1                              96F      96F        1         1
                abs_s1                              9A0      9A0       50         1
                abs_s1                              A20      A20       50         1
                abs_s1                              AA0      AA0       50         1
                abs_s1                              B20      B20       50         1
                abs_s1                              BA0      BA0       50         1
                abs_s1                              C20      C20       50         1
                abs_s1                              CA0      CA0       20         1
                abs_s1                             25EF     25EF        0         1

        CLASS   SFR0           

        CLASS   SFR1           

        CLASS   SFR2           

        CLASS   SFR3           

        CLASS   SFR4           

        CLASS   SFR5           

        CLASS   SFR6           

        CLASS   SFR7           

        CLASS   SFR8           

        CLASS   SFR9           

        CLASS   SFR10          

        CLASS   SFR11          

        CLASS   SFR12          

        CLASS   SFR13          

        CLASS   SFR14          

        CLASS   SFR15          

        CLASS   SFR16          

        CLASS   SFR17          

        CLASS   SFR18          

        CLASS   SFR19          

        CLASS   SFR20          

        CLASS   SFR21          

        CLASS   SFR22          

        CLASS   SFR23          

        CLASS   SFR24          

        CLASS   SFR25          

        CLASS   SFR26          

        CLASS   SFR27          

        CLASS   SFR28          

        CLASS   SFR29          

        CLASS   SFR30          

        CLASS   SFR31          

        CLASS   SFR32          

        CLASS   SFR33          

        CLASS   SFR34          

        CLASS   SFR35          

        CLASS   SFR36          

        CLASS   SFR37          

        CLASS   SFR38          

        CLASS   SFR39          

        CLASS   SFR40          

        CLASS   SFR41          

        CLASS   SFR42          

        CLASS   SFR43          

        CLASS   SFR44          

        CLASS   SFR45          

        CLASS   SFR46          

        CLASS   SFR47          

        CLASS   SFR48          

        CLASS   SFR49          

        CLASS   SFR50          

        CLASS   SFR51          

        CLASS   SFR52          

        CLASS   SFR53          

        CLASS   SFR54          

        CLASS   SFR55          

        CLASS   SFR56          

        CLASS   SFR57          

        CLASS   SFR58          

        CLASS   SFR59          

        CLASS   SFR60          

        CLASS   SFR61          

        CLASS   SFR62          

        CLASS   SFR63          

        CLASS   CONFIG         
                config                             8007     8007        5         0

        CLASS   IDLOC          

        CLASS   EEDATA         

        CLASS   BANK63         

        CLASS   BANK62         

        CLASS   BANK61         

        CLASS   BANK60         

        CLASS   BANK59         

        CLASS   BANK58         

        CLASS   BANK57         

        CLASS   BANK56         

        CLASS   BANK55         

        CLASS   BANK54         

        CLASS   BANK53         

        CLASS   BANK52         

        CLASS   BANK51         

        CLASS   BANK50         

        CLASS   BANK49         

        CLASS   BANK48         

        CLASS   BANK47         

        CLASS   BANK46         

        CLASS   BANK45         

        CLASS   BANK44         

        CLASS   BANK43         

        CLASS   BANK42         

        CLASS   BANK41         

        CLASS   BANK40         

        CLASS   BANK39         

        CLASS   BANK38         

        CLASS   BANK37         

        CLASS   BANK36         

        CLASS   BANK35         

        CLASS   BANK34         

        CLASS   BANK33         

        CLASS   BANK32         

        CLASS   BANK31         

        CLASS   BANK30         

        CLASS   BANK29         

        CLASS   BANK28         

        CLASS   BANK27         

        CLASS   BANK26         



SEGMENTS        Name                           Load    Length   Top    Selector   Space  Class     Delta

                reset_vec                      000000  000002  000002         0       0  CODE        2
                intentry                       000004  0002E9  0002ED         8       0  CODE        2
                bssBANK0                       000020  00004E  00006E        20       1  BANK0       1
                bssCOMMON                      000070  00000C  00007C        70       1  COMMON      1
                bssBANK1                       0000A0  000044  0000E4        A0       1  BANK1       1
                stringtext1                    0002ED  000060  00034D       5DA       0  STRCODE     2
                text28                         00034D  00044E  00079B       69A       0  CODE        2
                config                         008007  000005  00800C     1000E       0  CONFIG      2


UNUSED ADDRESS RANGES

        Name                Unused          Largest block    Delta
        BANK0            0006E-0006F               2           1
        BANK1            000E4-000EF               C           1
        BANK10           00520-0056F              50           1
        BANK11           005A0-005EF              50           1
        BANK12           00620-0066F              50           1
        BANK13           006A0-006EF              50           1
        BANK14           00720-0076F              50           1
        BANK15           007A0-007EF              50           1
        BANK16           00820-0086F              50           1
        BANK17           008A0-008EF              50           1
        BANK18           00920-0096E              4F           1
        BANK2            00120-0016F              50           1
        BANK3            001A0-001EF              50           1
        BANK4            00220-0026F              50           1
        BANK5            002A0-002EF              50           1
        BANK6            00320-0036F              50           1
        BANK7            003A0-003EF              50           1
        BANK8            00420-0046F              50           1
        BANK9            004A0-004EF              50           1
        BIGRAM           02000-027EF             7F0           1
        CODE             00002-00003               2           2
                         0079B-03FFF             800
        COMMON           0007C-0007D               2           1
        CONST            00002-00003               2           2
                         0079B-03FFF             100
        EEDATA           0F000-0F0FF             100           2
        ENTRY            00002-00003               2           2
                         0079B-03FFF             100
        IDLOC            08000-08003               4           2
        RAM              0006E-0006F               2           1
                         000E4-000EF               C
                         00120-0016F              50
                         001A0-001EF              50
                         00220-0026F              50
                         002A0-002EF              50
                         00320-0036F              50
                         003A0-003EF              50
                         00420-0046F              50
                         004A0-004EF              50
                         00520-0056F              50
                         005A0-005EF              50
                         00620-0066F              50
                         006A0-006EF              50
                         00720-0076F              50
                         007A0-007EF              50
                         00820-0086F              50
                         008A0-008EF              50
                         00920-0096E              4F
        SFR0             00000-0001F              20           1
        SFR1             00080-0009F              20           1
        SFR10            00500-0051F              20           1
        SFR11            00580-0059F              20           1
        SFR12            00600-0061F              20           1
        SFR13            00680-0069F              20           1
        SFR14            00700-0071F              20           1
        SFR15            00780-0079F              20           1
        SFR16            00800-0081F              20           1
        SFR17            00880-0089F              20           1
        SFR18            00900-0091F              20           1
        SFR19            00980-0099F              20           1
        SFR2             00100-0011F              20           1
        SFR20            00A00-00A1F              20           1
        SFR21            00A80-00A9F              20           1
        SFR22            00B00-00B1F              20           1
        SFR23            00B80-00B9F              20           1
        SFR24            00C00-00C1F              20           1
        SFR25            00C80-00C9F              20           1
        SFR26            00D00-00D6F              70           1
        SFR27            00D80-00DEF              70           1
        SFR28            00E00-00E6F              70           1
        SFR29            00E80-00EEF              70           1
        SFR3             00180-0019F              20           1
        SFR30            00F00-00F6F              70           1
        SFR31            00F80-00FEF              70           1
        SFR32            01000-0106F              70           1
        SFR33            01080-010EF              70           1
        SFR34            01100-0116F              70           1
        SFR35            01180-011EF              70           1
        SFR36            01200-0126F              70           1
        SFR37            01280-012EF              70           1
        SFR38            01300-0136F              70           1
        SFR39            01380-013EF              70           1
        SFR4             00200-0021F              20           1
        SFR40            01400-0146F              70           1
        SFR41            01480-014EF              70           1
        SFR42            01500-0156F              70           1
        SFR43            01580-015EF              70           1
        SFR44            01600-0166F              70           1
        SFR45            01680-016EF              70           1
        SFR46            01700-0176F              70           1
        SFR47            01780-017EF              70           1
        SFR48            01800-0186F              70           1
        SFR49            01880-018EF              70           1
        SFR5             00280-0029F              20           1
        SFR50            01900-0196F              70           1
        SFR51            01980-019EF              70           1
        SFR52            01A00-01A6F              70           1
        SFR53            01A80-01AEF              70           1
        SFR54            01B00-01B6F              70           1
        SFR55            01B80-01BEF              70           1
        SFR56            01C00-01C6F              70           1
        SFR57            01C80-01CEF              70           1
        SFR58            01D00-01D6F              70           1
        SFR59            01D80-01DEF              70           1
        SFR6             00300-0031F              20           1
        SFR60            01E00-01E6F              70           1
        SFR61            01E80-01EEF              70           1
        SFR62            01F00-01F6F              70           1
        SFR63            01F80-01FEF              70           1
        SFR7             00380-0039F              20           1
        SFR8             00400-0041F              20           1
        SFR9             00480-0049F              20           1
        STACK            02094-025EE             55B           1
        STRCODE          00002-00003               2           2
                         0079B-03FFF            3865
        STRING           00002-00003               2           2
                         0079B-03FFF             100

                                  Symbol Table

?_BUTTONS_isClicked                             cstackBANK0  00048
?_BUTTONS_isHeld                                cstackBANK0  00048
?_CLOCK_getTime                                 cstackBANK0  00048
?___lwdiv                                       cstackBANK0  00048
?___lwmod                                       cstackBANK0  00048
BUTTONS_isClicked@button                        cstackBANK0  0004B
BUTTONS_isHeld@button                           cstackBANK0  0004B
BUTTONS_task@btn                                cstackBANK0  00052
BUTTONS_task@dif                                cstackBANK0  00050
BUTTONS_task@i                                  cstackBANK0  0004D
BUTTONS_task@time                               cstackBANK0  0004E
Blink2@lastTime                                 bssBANK0     00033
Blink2@value                                    bssBANK0     0003B
EUSART1_SetErrorHandler@interruptHandler        cstackBANK0  00048
EUSART1_SetFramingErrorHandler@interruptHandler cstackBANK0  00048
EUSART1_SetOverrunErrorHandler@interruptHandler cstackBANK0  00048
EUSART1_SetRxInterruptHandler@interruptHandler  cstackBANK0  00048
EUSART1_SetTxInterruptHandler@interruptHandler  cstackBANK0  00048
I2C1_ISR@i2c_10bit_address_restart              bssBANK0     0003C
I2C1_ISR@i2c_address                            bssCOMMON    00074
I2C1_ISR@i2c_bytes_left                         bssBANK0     0003D
I2C1_ISR@pi2c_buf_ptr                           bssBANK0     0003E
I2C1_MasterRead@trBlock                         bssBANK1     000D0
I2C1_MasterTRBInsert@count                      cstackBANK0  0004B
I2C1_MasterTRBInsert@pflag                      cstackBANK0  00049
I2C1_MasterTRBInsert@ptrb_list                  cstackBANK0  00048
I2C1_MasterWrite@address                        cstackBANK0  00050
I2C1_MasterWrite@length                         cstackBANK0  0004F
I2C1_MasterWrite@pdata                          cstackBANK0  00055
I2C1_MasterWrite@pflag                          cstackBANK0  00052
I2C1_MasterWrite@trBlock                        bssBANK1     000D4
I2C1_MasterWriteTRBBuild@address                cstackBANK0  0004A
I2C1_MasterWriteTRBBuild@length                 cstackBANK0  00049
I2C1_MasterWriteTRBBuild@pdata                  cstackBANK0  00048
I2C1_MasterWriteTRBBuild@ptrb                   cstackBANK0  0004E
I2C1_Stop@completion_code                       cstackCOMMON 00077
TM1650_fastPrintNum@i                           cstackBANK1  000E2
TM1650_fastPrintNum@num                         cstackBANK0  00064
TM1650_fastPrintNum@numWrite                    cstackBANK1  000E0
TM1650_setDigit@data                            cstackBANK0  0005C
TM1650_setDigit@digit                           cstackBANK0  00062
TM1650_setDigit@dp                              cstackBANK0  0005D
TM1650_setDigit@foo                             cstackBANK0  00063
TMR0_SetInterruptHandler@InterruptHandler       cstackBANK0  00048
_ANSELA                                         (abs)        01F38
_ANSELB                                         (abs)        01F43
_ANSELC                                         (abs)        01F4E
_BAUD1CON                                       (abs)        0011F
_BUTTONS_init                                   text34       003D5
_BUTTONS_isClicked                              text19       00695
_BUTTONS_isHeld                                 text18       006E6
_BUTTONS_task                                   text32       001B0
_CCP1CONbits                                    (abs)        0030E
_CCP2CONbits                                    (abs)        00312
_CCP3CONbits                                    (abs)        00316
_CCP4CONbits                                    (abs)        0031A
_CCPR1H                                         (abs)        0030D
_CCPR1L                                         (abs)        0030C
_CCPR2H                                         (abs)        00311
_CCPR2L                                         (abs)        00310
_CCPR3H                                         (abs)        00315
_CCPR3L                                         (abs)        00314
_CCPR4H                                         (abs)        00319
_CCPR4L                                         (abs)        00318
_CLOCK_getTime                                  text33       0077C
_CLOCK_init                                     text30       00761
_CLOCK_timerCallback                            text38       00782
_CONTROLLER_init                                text20       00759
_CONTROLLER_task                                text15       004D5
_DMX_ISR                                        text45       0059C
_EUSART1_DefaultErrorHandler                    text49       00794
_EUSART1_DefaultFramingErrorHandler             text48       0079A
_EUSART1_DefaultOverrunErrorHandler             text47       0078D
_EUSART1_ErrorHandler                           nvBANK1      000D8
_EUSART1_FramingErrorHandler                    nvBANK1      000DC
_EUSART1_Initialize                             text9        00392
_EUSART1_OverrunErrorHandler                    nvBANK1      000DA
_EUSART1_Receive_ISR                            text46       00449
_EUSART1_RxDataHandler                          text50       00668
_EUSART1_RxDefaultInterruptHandler              nvBANK1      000DE
_EUSART1_SetErrorHandler                        text14       00750
_EUSART1_SetFramingErrorHandler                 text13       00747
_EUSART1_SetOverrunErrorHandler                 text12       0073E
_EUSART1_SetRxInterruptHandler                  text11       00735
_EUSART1_SetTxInterruptHandler                  text10       00770
_EUSART1_Transmit_ISR                           text44       005FE
_EUSART1_TxDefaultInterruptHandler              nvBANK0      00069
_I2C1_BusCollisionISR                           text43       00791
_I2C1_FunctionComplete                          text42       006F8
_I2C1_ISR                                       text40       00067
_I2C1_Initialize                                text8        00637
_I2C1_MasterTRBInsert                           text28       0034D
_I2C1_MasterWrite                               text26       00550
_I2C1_MasterWriteTRBBuild                       text27       005C1
_I2C1_Stop                                      text41       00650
_I2C1_WaitForLastPacketToComplete               text29       00788
_INTCONbits                                     (abs)        0000B
_INTERRUPT_InterruptManager                     intentry     00004
_LATA                                           (abs)        00018
_LATB                                           (abs)        00019
_LATB6                                          (abs)        000CE
_LATC                                           (abs)        0001A
_ODCONA                                         (abs)        01F3A
_ODCONB                                         (abs)        01F45
_ODCONC                                         (abs)        01F50
_OSCCON1                                        (abs)        0088D
_OSCCON3                                        (abs)        0088F
_OSCEN                                          (abs)        00891
_OSCFRQ                                         (abs)        00893
_OSCILLATOR_Initialize                          text7        0072C
_OSCTUNE                                        (abs)        00892
_PIE0bits                                       (abs)        00716
_PIE3bits                                       (abs)        00719
_PIN_MANAGER_Initialize                         text6        0047B
_PIR0bits                                       (abs)        0070C
_PIR3bits                                       (abs)        0070F
_PMD0                                           (abs)        00796
_PMD1                                           (abs)        00797
_PMD2                                           (abs)        00798
_PMD3                                           (abs)        00799
_PMD4                                           (abs)        0079A
_PMD5                                           (abs)        0079B
_PMD6                                           (abs)        0079C
_PMD7                                           (abs)        0079D
_PMD_Initialize                                 text5        00722
_PORTA                                          (abs)        0000C
_PORTC                                          (abs)        0000E
_RA4PPS                                         (abs)        01F14
_RA5PPS                                         (abs)        01F15
_RC1REG                                         (abs)        00119
_RC1STA                                         (abs)        0011D
_RC1STAbits                                     (abs)        0011D
_RC3PPS                                         (abs)        01F23
_RC4PPS                                         (abs)        01F24
_RC6PPS                                         (abs)        01F26
_RC7PPS                                         (abs)        01F27
_RX1DTPPS                                       (abs)        01ECB
_SLRCONA                                        (abs)        01F3B
_SLRCONB                                        (abs)        01F46
_SLRCONC                                        (abs)        01F51
_SP1BRGH                                        (abs)        0011C
_SP1BRGL                                        (abs)        0011B
_SSP1ADD                                        (abs)        0018D
_SSP1BUF                                        (abs)        0018C
_SSP1CLKPPS                                     (abs)        01EC5
_SSP1CON1                                       (abs)        00190
_SSP1CON1bits                                   (abs)        00190
_SSP1CON2bits                                   (abs)        00191
_SSP1CON3                                       (abs)        00192
_SSP1DATPPS                                     (abs)        01EC6
_SSP1STAT                                       (abs)        0018F
_SYSTEM_Initialize                              text3        006D4
_T0CON0                                         (abs)        0059E
_T0CON0bits                                     (abs)        0059E
_T0CON1                                         (abs)        0059F
_T2CLKCON                                       (abs)        00290
_T2CONbits                                      (abs)        0028E
_TM1650_fastPrintNum                            text21       0026A
_TM1650_init                                    text2        00769
_TM1650_setDigit                                text24       00529
_TMR0H                                          (abs)        0059D
_TMR0L                                          (abs)        0059C
_TMR0_DefaultInterruptHandler                   text39       00799
_TMR0_ISR                                       text37       00709
_TMR0_Initialize                                text4        006C0
_TMR0_InterruptHandler                          nvBANK0      00067
_TMR0_SetInterruptHandler                       text31       00776
_TRISA                                          (abs)        00012
_TRISB                                          (abs)        00013
_TRISB6                                         (abs)        0009E
_TRISC                                          (abs)        00014
_TRISC3                                         (abs)        000A3
_TRISC4                                         (abs)        000A4
_TRISC6                                         (abs)        000A6
_TRISC7                                         (abs)        000A7
_TX1REG                                         (abs)        0011A
_TX1STA                                         (abs)        0011E
_TX1STAbits                                     (abs)        0011E
_WPUA                                           (abs)        01F39
_WPUB                                           (abs)        01F44
_WPUC                                           (abs)        01F4F
__CFG_BBEN$OFF                                  (abs)        00000
__CFG_BBSIZE$BB512                              (abs)        00000
__CFG_BOREN$ON                                  (abs)        00000
__CFG_BORV$LO                                   (abs)        00000
__CFG_CLKOUTEN$OFF                              (abs)        00000
__CFG_CP$OFF                                    (abs)        00000
__CFG_CSWEN$ON                                  (abs)        00000
__CFG_FCMEN$ON                                  (abs)        00000
__CFG_FEXTOSC$OFF                               (abs)        00000
__CFG_LPBOREN$OFF                               (abs)        00000
__CFG_LVP$ON                                    (abs)        00000
__CFG_MCLRE$ON                                  (abs)        00000
__CFG_PPS1WAY$ON                                (abs)        00000
__CFG_PWRTS$OFF                                 (abs)        00000
__CFG_RSTOSC$HFINT1                             (abs)        00000
__CFG_SAFEN$OFF                                 (abs)        00000
__CFG_STVREN$ON                                 (abs)        00000
__CFG_WDTCCS$SC                                 (abs)        00000
__CFG_WDTCPS$WDTCPS_31                          (abs)        00000
__CFG_WDTCWS$WDTCWS_7                           (abs)        00000
__CFG_WDTE$OFF                                  (abs)        00000
__CFG_WRTAPP$OFF                                (abs)        00000
__CFG_WRTB$OFF                                  (abs)        00000
__CFG_WRTC$OFF                                  (abs)        00000
__CFG_WRTD$OFF                                  (abs)        00000
__CFG_WRTSAF$OFF                                (abs)        00000
__CFG_ZCDDIS$OFF                                (abs)        00000
__Habs1                                         abs1         00000
__Hbank0                                        bank0        00000
__Hbank1                                        bank1        00000
__Hbank10                                       bank10       00000
__Hbank11                                       bank11       00000
__Hbank12                                       bank12       00000
__Hbank13                                       bank13       00000
__Hbank14                                       bank14       00000
__Hbank15                                       bank15       00000
__Hbank16                                       bank16       00000
__Hbank17                                       bank17       00000
__Hbank18                                       bank18       00000
__Hbank19                                       bank19       00000
__Hbank2                                        bank2        00000
__Hbank20                                       bank20       00000
__Hbank21                                       bank21       00000
__Hbank22                                       bank22       00000
__Hbank23                                       bank23       00000
__Hbank24                                       bank24       00000
__Hbank25                                       bank25       00000
__Hbank26                                       bank26       00000
__Hbank27                                       bank27       00000
__Hbank28                                       bank28       00000
__Hbank29                                       bank29       00000
__Hbank3                                        bank3        00000
__Hbank30                                       bank30       00000
__Hbank31                                       bank31       00000
__Hbank32                                       bank32       00000
__Hbank33                                       bank33       00000
__Hbank34                                       bank34       00000
__Hbank35                                       bank35       00000
__Hbank36                                       bank36       00000
__Hbank37                                       bank37       00000
__Hbank38                                       bank38       00000
__Hbank39                                       bank39       00000
__Hbank4                                        bank4        00000
__Hbank40                                       bank40       00000
__Hbank41                                       bank41       00000
__Hbank42                                       bank42       00000
__Hbank43                                       bank43       00000
__Hbank44                                       bank44       00000
__Hbank45                                       bank45       00000
__Hbank46                                       bank46       00000
__Hbank47                                       bank47       00000
__Hbank48                                       bank48       00000
__Hbank49                                       bank49       00000
__Hbank5                                        bank5        00000
__Hbank50                                       bank50       00000
__Hbank51                                       bank51       00000
__Hbank52                                       bank52       00000
__Hbank53                                       bank53       00000
__Hbank54                                       bank54       00000
__Hbank55                                       bank55       00000
__Hbank56                                       bank56       00000
__Hbank57                                       bank57       00000
__Hbank58                                       bank58       00000
__Hbank59                                       bank59       00000
__Hbank6                                        bank6        00000
__Hbank60                                       bank60       00000
__Hbank61                                       bank61       00000
__Hbank62                                       bank62       00000
__Hbank63                                       bank63       00000
__Hbank7                                        bank7        00000
__Hbank8                                        bank8        00000
__Hbank9                                        bank9        00000
__Hbigram                                       bigram       00000
__HbssBANK0                                     bssBANK0     00000
__HbssBANK1                                     bssBANK1     00000
__HbssCOMMON                                    bssCOMMON    00000
__Hcinit                                        cinit        00067
__Hclrtext                                      clrtext      00000
__Hcode                                         code         00000
__Hcommon                                       common       00000
__Hconfig                                       config       0800C
__HcstackBANK0                                  cstackBANK0  00000
__HcstackBANK1                                  cstackBANK1  00000
__HcstackCOMMON                                 cstackCOMMON 00000
__HdataBANK0                                    dataBANK0    00000
__Heeprom_data                                  eeprom_data  00000
__Hend_init                                     end_init     00035
__Hfunctab                                      functab      00000
__HidataBANK0                                   idataBANK0   00000
__Hidloc                                        idloc        00000
__Hinit                                         init         00033
__Hintentry                                     intentry     00033
__Hmaintext                                     maintext     00000
__HnvBANK0                                      nvBANK0      00000
__HnvBANK1                                      nvBANK1      00000
__Hpowerup                                      powerup      00000
__Hram                                          ram          00000
__Hreset_vec                                    reset_vec    00002
__Hsfr0                                         sfr0         00000
__Hsfr1                                         sfr1         00000
__Hsfr10                                        sfr10        00000
__Hsfr11                                        sfr11        00000
__Hsfr12                                        sfr12        00000
__Hsfr13                                        sfr13        00000
__Hsfr14                                        sfr14        00000
__Hsfr15                                        sfr15        00000
__Hsfr16                                        sfr16        00000
__Hsfr17                                        sfr17        00000
__Hsfr18                                        sfr18        00000
__Hsfr19                                        sfr19        00000
__Hsfr2                                         sfr2         00000
__Hsfr20                                        sfr20        00000
__Hsfr21                                        sfr21        00000
__Hsfr22                                        sfr22        00000
__Hsfr23                                        sfr23        00000
__Hsfr24                                        sfr24        00000
__Hsfr25                                        sfr25        00000
__Hsfr26                                        sfr26        00000
__Hsfr27                                        sfr27        00000
__Hsfr28                                        sfr28        00000
__Hsfr29                                        sfr29        00000
__Hsfr3                                         sfr3         00000
__Hsfr30                                        sfr30        00000
__Hsfr31                                        sfr31        00000
__Hsfr32                                        sfr32        00000
__Hsfr33                                        sfr33        00000
__Hsfr34                                        sfr34        00000
__Hsfr35                                        sfr35        00000
__Hsfr36                                        sfr36        00000
__Hsfr37                                        sfr37        00000
__Hsfr38                                        sfr38        00000
__Hsfr39                                        sfr39        00000
__Hsfr4                                         sfr4         00000
__Hsfr40                                        sfr40        00000
__Hsfr41                                        sfr41        00000
__Hsfr42                                        sfr42        00000
__Hsfr43                                        sfr43        00000
__Hsfr44                                        sfr44        00000
__Hsfr45                                        sfr45        00000
__Hsfr46                                        sfr46        00000
__Hsfr47                                        sfr47        00000
__Hsfr48                                        sfr48        00000
__Hsfr49                                        sfr49        00000
__Hsfr5                                         sfr5         00000
__Hsfr50                                        sfr50        00000
__Hsfr51                                        sfr51        00000
__Hsfr52                                        sfr52        00000
__Hsfr53                                        sfr53        00000
__Hsfr54                                        sfr54        00000
__Hsfr55                                        sfr55        00000
__Hsfr56                                        sfr56        00000
__Hsfr57                                        sfr57        00000
__Hsfr58                                        sfr58        00000
__Hsfr59                                        sfr59        00000
__Hsfr6                                         sfr6         00000
__Hsfr60                                        sfr60        00000
__Hsfr61                                        sfr61        00000
__Hsfr62                                        sfr62        00000
__Hsfr63                                        sfr63        00000
__Hsfr7                                         sfr7         00000
__Hsfr8                                         sfr8         00000
__Hsfr9                                         sfr9         00000
__Hspace_0                                      (abs)        0800C
__Hspace_1                                      (abs)        000E4
__Hspace_2                                      (abs)        00000
__Hspace_3                                      (abs)        00000
__Hstack                                        stack        00000
__Hstrings                                      strings      00000
__Hstringtext1                                  stringtext1  00000
__Htext                                         text         00000
__Labs1                                         abs1         00000
__Lbank0                                        bank0        00000
__Lbank1                                        bank1        00000
__Lbank10                                       bank10       00000
__Lbank11                                       bank11       00000
__Lbank12                                       bank12       00000
__Lbank13                                       bank13       00000
__Lbank14                                       bank14       00000
__Lbank15                                       bank15       00000
__Lbank16                                       bank16       00000
__Lbank17                                       bank17       00000
__Lbank18                                       bank18       00000
__Lbank19                                       bank19       00000
__Lbank2                                        bank2        00000
__Lbank20                                       bank20       00000
__Lbank21                                       bank21       00000
__Lbank22                                       bank22       00000
__Lbank23                                       bank23       00000
__Lbank24                                       bank24       00000
__Lbank25                                       bank25       00000
__Lbank26                                       bank26       00000
__Lbank27                                       bank27       00000
__Lbank28                                       bank28       00000
__Lbank29                                       bank29       00000
__Lbank3                                        bank3        00000
__Lbank30                                       bank30       00000
__Lbank31                                       bank31       00000
__Lbank32                                       bank32       00000
__Lbank33                                       bank33       00000
__Lbank34                                       bank34       00000
__Lbank35                                       bank35       00000
__Lbank36                                       bank36       00000
__Lbank37                                       bank37       00000
__Lbank38                                       bank38       00000
__Lbank39                                       bank39       00000
__Lbank4                                        bank4        00000
__Lbank40                                       bank40       00000
__Lbank41                                       bank41       00000
__Lbank42                                       bank42       00000
__Lbank43                                       bank43       00000
__Lbank44                                       bank44       00000
__Lbank45                                       bank45       00000
__Lbank46                                       bank46       00000
__Lbank47                                       bank47       00000
__Lbank48                                       bank48       00000
__Lbank49                                       bank49       00000
__Lbank5                                        bank5        00000
__Lbank50                                       bank50       00000
__Lbank51                                       bank51       00000
__Lbank52                                       bank52       00000
__Lbank53                                       bank53       00000
__Lbank54                                       bank54       00000
__Lbank55                                       bank55       00000
__Lbank56                                       bank56       00000
__Lbank57                                       bank57       00000
__Lbank58                                       bank58       00000
__Lbank59                                       bank59       00000
__Lbank6                                        bank6        00000
__Lbank60                                       bank60       00000
__Lbank61                                       bank61       00000
__Lbank62                                       bank62       00000
__Lbank63                                       bank63       00000
__Lbank7                                        bank7        00000
__Lbank8                                        bank8        00000
__Lbank9                                        bank9        00000
__Lbigram                                       bigram       00000
__LbssBANK0                                     bssBANK0     00000
__LbssBANK1                                     bssBANK1     00000
__LbssCOMMON                                    bssCOMMON    00000
__Lcinit                                        cinit        00035
__Lclrtext                                      clrtext      00000
__Lcode                                         code         00000
__Lcommon                                       common       00000
__Lconfig                                       config       08007
__LcstackBANK0                                  cstackBANK0  00000
__LcstackBANK1                                  cstackBANK1  00000
__LcstackCOMMON                                 cstackCOMMON 00000
__LdataBANK0                                    dataBANK0    00000
__Leeprom_data                                  eeprom_data  00000
__Lend_init                                     end_init     00033
__Lfunctab                                      functab      00000
__LidataBANK0                                   idataBANK0   00000
__Lidloc                                        idloc        00000
__Linit                                         init         00033
__Lintentry                                     intentry     00004
__Lmaintext                                     maintext     00000
__LnvBANK0                                      nvBANK0      00000
__LnvBANK1                                      nvBANK1      00000
__Lpowerup                                      powerup      00000
__Lram                                          ram          00000
__Lreset_vec                                    reset_vec    00000
__Lsfr0                                         sfr0         00000
__Lsfr1                                         sfr1         00000
__Lsfr10                                        sfr10        00000
__Lsfr11                                        sfr11        00000
__Lsfr12                                        sfr12        00000
__Lsfr13                                        sfr13        00000
__Lsfr14                                        sfr14        00000
__Lsfr15                                        sfr15        00000
__Lsfr16                                        sfr16        00000
__Lsfr17                                        sfr17        00000
__Lsfr18                                        sfr18        00000
__Lsfr19                                        sfr19        00000
__Lsfr2                                         sfr2         00000
__Lsfr20                                        sfr20        00000
__Lsfr21                                        sfr21        00000
__Lsfr22                                        sfr22        00000
__Lsfr23                                        sfr23        00000
__Lsfr24                                        sfr24        00000
__Lsfr25                                        sfr25        00000
__Lsfr26                                        sfr26        00000
__Lsfr27                                        sfr27        00000
__Lsfr28                                        sfr28        00000
__Lsfr29                                        sfr29        00000
__Lsfr3                                         sfr3         00000
__Lsfr30                                        sfr30        00000
__Lsfr31                                        sfr31        00000
__Lsfr32                                        sfr32        00000
__Lsfr33                                        sfr33        00000
__Lsfr34                                        sfr34        00000
__Lsfr35                                        sfr35        00000
__Lsfr36                                        sfr36        00000
__Lsfr37                                        sfr37        00000
__Lsfr38                                        sfr38        00000
__Lsfr39                                        sfr39        00000
__Lsfr4                                         sfr4         00000
__Lsfr40                                        sfr40        00000
__Lsfr41                                        sfr41        00000
__Lsfr42                                        sfr42        00000
__Lsfr43                                        sfr43        00000
__Lsfr44                                        sfr44        00000
__Lsfr45                                        sfr45        00000
__Lsfr46                                        sfr46        00000
__Lsfr47                                        sfr47        00000
__Lsfr48                                        sfr48        00000
__Lsfr49                                        sfr49        00000
__Lsfr5                                         sfr5         00000
__Lsfr50                                        sfr50        00000
__Lsfr51                                        sfr51        00000
__Lsfr52                                        sfr52        00000
__Lsfr53                                        sfr53        00000
__Lsfr54                                        sfr54        00000
__Lsfr55                                        sfr55        00000
__Lsfr56                                        sfr56        00000
__Lsfr57                                        sfr57        00000
__Lsfr58                                        sfr58        00000
__Lsfr59                                        sfr59        00000
__Lsfr6                                         sfr6         00000
__Lsfr60                                        sfr60        00000
__Lsfr61                                        sfr61        00000
__Lsfr62                                        sfr62        00000
__Lsfr63                                        sfr63        00000
__Lsfr7                                         sfr7         00000
__Lsfr8                                         sfr8         00000
__Lsfr9                                         sfr9         00000
__Lspace_0                                      (abs)        00000
__Lspace_1                                      (abs)        00000
__Lspace_2                                      (abs)        00000
__Lspace_3                                      (abs)        00000
__Lstack                                        stack        00000
__Lstrings                                      strings      00000
__Lstringtext1                                  stringtext1  00000
__Ltext                                         text         00000
__S0                                            (abs)        0800C
__S1                                            (abs)        000E4
__S2                                            (abs)        00000
__S3                                            (abs)        00000
___int_sp                                       stack        00000
___latbits                                      (abs)        00003
___lwdiv                                        text23       00414
___lwdiv@counter                                cstackBANK0  0004D
___lwdiv@dividend                               cstackBANK0  0004A
___lwdiv@divisor                                cstackBANK0  00048
___lwdiv@quotient                               cstackBANK0  0004E
___lwmod                                        text22       004A8
___lwmod@counter                                cstackBANK0  0004D
___lwmod@dividend                               cstackBANK0  0004A
___lwmod@divisor                                cstackBANK0  00048
___sp                                           stack        00000
___stackhi                                      (abs)        025EE
___stacklo                                      (abs)        02094
__end_of_BUTTONS_init                           text34       00414
__end_of_BUTTONS_isClicked                      text19       006AB
__end_of_BUTTONS_isHeld                         text18       006F8
__end_of_BUTTONS_task                           text32       0026A
__end_of_CLOCK_getTime                          text33       00782
__end_of_CLOCK_init                             text30       00769
__end_of_CLOCK_timerCallback                    text38       00788
__end_of_CONTROLLER_init                        text20       00761
__end_of_CONTROLLER_task                        text15       00501
__end_of_DMX_ISR                                text45       005C1
__end_of_EUSART1_DefaultErrorHandler            text49       00797
__end_of_EUSART1_DefaultFramingErrorHandler     text48       0079B
__end_of_EUSART1_DefaultOverrunErrorHandler     text47       00791
__end_of_EUSART1_Initialize                     text9        003D5
__end_of_EUSART1_Receive_ISR                    text46       0047B
__end_of_EUSART1_RxDataHandler                  text50       0067F
__end_of_EUSART1_SetErrorHandler                text14       00759
__end_of_EUSART1_SetFramingErrorHandler         text13       00750
__end_of_EUSART1_SetOverrunErrorHandler         text12       00747
__end_of_EUSART1_SetRxInterruptHandler          text11       0073E
__end_of_EUSART1_SetTxInterruptHandler          text10       00776
__end_of_EUSART1_Transmit_ISR                   text44       0061B
__end_of_I2C1_BusCollisionISR                   text43       00794
__end_of_I2C1_FunctionComplete                  text42       00709
__end_of_I2C1_ISR                               text40       001B0
__end_of_I2C1_Initialize                        text8        00650
__end_of_I2C1_MasterTRBInsert                   text28       00392
__end_of_I2C1_MasterWrite                       text26       00577
__end_of_I2C1_MasterWriteTRBBuild               text27       005E1
__end_of_I2C1_Stop                              text41       00668
__end_of_I2C1_WaitForLastPacketToComplete       text29       0078D
__end_of_INTERRUPT_InterruptManager             intentry     00033
__end_of_OSCILLATOR_Initialize                  text7        00735
__end_of_PIN_MANAGER_Initialize                 text6        004A8
__end_of_PMD_Initialize                         text5        0072C
__end_of_SYSTEM_Initialize                      text3        006E6
__end_of_TM1650_fastPrintNum                    text21       002ED
__end_of_TM1650_init                            text2        00770
__end_of_TM1650_setDigit                        text24       00550
__end_of_TMR0_DefaultInterruptHandler           text39       0079A
__end_of_TMR0_ISR                               text37       00716
__end_of_TMR0_Initialize                        text4        006D4
__end_of_TMR0_SetInterruptHandler               text31       0077C
__end_of___lwdiv                                text23       00449
__end_of___lwmod                                text22       004D5
__end_of__initialization                        cinit        00063
__end_of_address_dec                            text17       006C0
__end_of_address_inc                            text16       00695
__end_of_charTable                              stringtext1  0034D
__end_of_init                                   text35       00637
__end_of_initLED                                text1        00529
__end_of_main                                   maintext     0059C
__end_of_writeData                              text25       005FE
__initialization                                cinit        00035
__pbssBANK0                                     bssBANK0     00020
__pbssBANK1                                     bssBANK1     000A0
__pbssBIGRAM                                    (abs)        025EF
__pbssCOMMON                                    bssCOMMON    00070
__pcstackBANK0                                  cstackBANK0  00048
__pcstackBANK1                                  cstackBANK1  000E0
__pcstackCOMMON                                 cstackCOMMON 00076
__pdataBANK0                                    dataBANK0    0006C
__pidataBANK0                                   idataBANK0   00797
__pintentry                                     intentry     00004
__pmaintext                                     maintext     00577
__pnvBANK0                                      nvBANK0      00067
__pnvBANK1                                      nvBANK1      000D8
__pstringtext1                                  stringtext1  002ED
__ptext1                                        text1        00501
__ptext10                                       text10       00770
__ptext11                                       text11       00735
__ptext12                                       text12       0073E
__ptext13                                       text13       00747
__ptext14                                       text14       00750
__ptext15                                       text15       004D5
__ptext16                                       text16       0067F
__ptext17                                       text17       006AB
__ptext18                                       text18       006E6
__ptext19                                       text19       00695
__ptext2                                        text2        00769
__ptext20                                       text20       00759
__ptext21                                       text21       0026A
__ptext22                                       text22       004A8
__ptext23                                       text23       00414
__ptext24                                       text24       00529
__ptext25                                       text25       005E1
__ptext26                                       text26       00550
__ptext27                                       text27       005C1
__ptext28                                       text28       0034D
__ptext29                                       text29       00788
__ptext3                                        text3        006D4
__ptext30                                       text30       00761
__ptext31                                       text31       00776
__ptext32                                       text32       001B0
__ptext33                                       text33       0077C
__ptext34                                       text34       003D5
__ptext35                                       text35       0061B
__ptext37                                       text37       00709
__ptext38                                       text38       00782
__ptext39                                       text39       00799
__ptext4                                        text4        006C0
__ptext40                                       text40       00067
__ptext41                                       text41       00650
__ptext42                                       text42       006F8
__ptext43                                       text43       00791
__ptext44                                       text44       005FE
__ptext45                                       text45       0059C
__ptext46                                       text46       00449
__ptext47                                       text47       0078D
__ptext48                                       text48       0079A
__ptext49                                       text49       00794
__ptext5                                        text5        00722
__ptext50                                       text50       00668
__ptext6                                        text6        0047B
__ptext7                                        text7        0072C
__ptext8                                        text8        00637
__ptext9                                        text9        00392
__size_of_BUTTONS_init                          (abs)        00000
__size_of_BUTTONS_isClicked                     (abs)        00000
__size_of_BUTTONS_isHeld                        (abs)        00000
__size_of_BUTTONS_task                          (abs)        00000
__size_of_CLOCK_getTime                         (abs)        00000
__size_of_CLOCK_init                            (abs)        00000
__size_of_CLOCK_timerCallback                   (abs)        00000
__size_of_CONTROLLER_init                       (abs)        00000
__size_of_CONTROLLER_task                       (abs)        00000
__size_of_DMX_ISR                               (abs)        00000
__size_of_EUSART1_DefaultErrorHandler           (abs)        00000
__size_of_EUSART1_DefaultFramingErrorHandler    (abs)        00000
__size_of_EUSART1_DefaultOverrunErrorHandler    (abs)        00000
__size_of_EUSART1_Initialize                    (abs)        00000
__size_of_EUSART1_Receive_ISR                   (abs)        00000
__size_of_EUSART1_RxDataHandler                 (abs)        00000
__size_of_EUSART1_SetErrorHandler               (abs)        00000
__size_of_EUSART1_SetFramingErrorHandler        (abs)        00000
__size_of_EUSART1_SetOverrunErrorHandler        (abs)        00000
__size_of_EUSART1_SetRxInterruptHandler         (abs)        00000
__size_of_EUSART1_SetTxInterruptHandler         (abs)        00000
__size_of_EUSART1_Transmit_ISR                  (abs)        00000
__size_of_I2C1_BusCollisionISR                  (abs)        00000
__size_of_I2C1_FunctionComplete                 (abs)        00000
__size_of_I2C1_ISR                              (abs)        00000
__size_of_I2C1_Initialize                       (abs)        00000
__size_of_I2C1_MasterTRBInsert                  (abs)        00000
__size_of_I2C1_MasterWrite                      (abs)        00000
__size_of_I2C1_MasterWriteTRBBuild              (abs)        00000
__size_of_I2C1_Stop                             (abs)        00000
__size_of_I2C1_WaitForLastPacketToComplete      (abs)        00000
__size_of_INTERRUPT_InterruptManager            (abs)        00000
__size_of_OSCILLATOR_Initialize                 (abs)        00000
__size_of_PIN_MANAGER_Initialize                (abs)        00000
__size_of_PMD_Initialize                        (abs)        00000
__size_of_SYSTEM_Initialize                     (abs)        00000
__size_of_TM1650_fastPrintNum                   (abs)        00000
__size_of_TM1650_init                           (abs)        00000
__size_of_TM1650_setDigit                       (abs)        00000
__size_of_TMR0_DefaultInterruptHandler          (abs)        00000
__size_of_TMR0_ISR                              (abs)        00000
__size_of_TMR0_Initialize                       (abs)        00000
__size_of_TMR0_SetInterruptHandler              (abs)        00000
__size_of___lwdiv                               (abs)        00000
__size_of___lwmod                               (abs)        00000
__size_of_address_dec                           (abs)        00000
__size_of_address_inc                           (abs)        00000
__size_of_init                                  (abs)        00000
__size_of_initLED                               (abs)        00000
__size_of_main                                  (abs)        00000
__size_of_writeData                             (abs)        00000
_address                                        dataBANK0    0006C
_address_dec                                    text17       006AB
_address_inc                                    text16       0067F
_buttons                                        bssBANK1     000B0
_charTable                                      stringtext1  002ED
_currentTime                                    bssBANK0     00031
_dmxData                                        (abs)        025EF
_dmxPointer                                     bssBANK0     00035
_down                                           bssBANK0     00039
_enter                                          bssBANK0     00038
_eusart1RxBuffer                                bssBANK1     000A0
_eusart1RxCount                                 bssBANK0     00044
_eusart1RxHead                                  bssCOMMON    00071
_eusart1RxLastError                             bssBANK0     00043
_eusart1RxStatusBuffer                          bssBANK0     00020
_eusart1RxTail                                  bssCOMMON    00070
_eusart1TxBuffer                                bssBANK1     000A8
_eusart1TxBufferRemaining                       nvBANK0      0006B
_eusart1TxHead                                  bssCOMMON    00073
_eusart1TxTail                                  bssCOMMON    00072
_i2c1_object                                    bssBANK0     00028
_i2c1_state                                     bssBANK0     00042
_i2c1_tr_queue                                  bssBANK0     00045
_i2c1_trb_count                                 bssBANK0     00041
_init                                           text35       0061B
_initLED                                        text1        00501
_lastTime                                       bssBANK0     0002D
_main                                           maintext     00577
_menu                                           bssBANK0     00037
_p_i2c1_current                                 bssBANK0     0003F
_p_i2c1_trb_current                             bssBANK0     00040
_up                                             bssBANK0     0003A
[...]
                  1    wreg      void 
 Registers used:
		wreg, status,2, status,0
 Tracked objects:
		On entry : 
		On exit  : 
		Unchanged: 
 Data sizes:     COMMON   BANK0   BANK1   BANK2   BANK3   BANK4   BANK5   BANK6   BANK7   BANK8   BANK9  BANK10  BANK11  BANK12  BANK13  BANK14  BANK15  BANK16  BANK17  BANK18  BANK19  BANK20  BANK21  BANK22  BANK23  BANK24  BANK25
      Params:         0       0       0       0       0       0       0       0       0       0       0       0       0       0       0       0       0       0       0       0       0       0       0       0       0       0       0
      Locals:         0       0       0       0       0       0       0       0       0       0       0       0       0       0       0       0       0       0       0       0       0       0       0       0       0       0       0
      Temps:          1       0       0       0       0       0       0       0       0       0       0       0       0       0       0       0       0       0       0       0       0       0       0       0       0       0       0
      Totals:         1       0       0       0       0       0       0       0       0       0       0       0       0       0       0       0       0       0       0       0       0       0       0       0       0       0       0
Total ram usage:        1 bytes
 Hardware stack levels used:    1
 This function calls:
		Nothing
 This function is called by:
		_I2C1_ISR
 This function uses a non-reentrant model


 *************** function _I2C1_BusCollisionISR *****************
 Defined at:
		line 742 in file "mcc_generated_files/i2c1.c"
 Parameters:    Size  Location     Type
		None
 Auto vars:     Size  Location     Type
		None
 Return value:  Size  Location     Type
                  1    wreg      void 
 Registers used:
		None
 Tracked objects:
		On entry : 
		On exit  : 
		Unchanged: 
 Data sizes:     COMMON   BANK0   BANK1   BANK2   BANK3   BANK4   BANK5   BANK6   BANK7   BANK8   BANK9  BANK10  BANK11  BANK12  BANK13  BANK14  BANK15  BANK16  BANK17  BANK18  BANK19  BANK20  BANK21  BANK22  BANK23  BANK24  BANK25
      Params:         0       0       0       0       0       0       0       0       0       0       0       0       0       0       0       0       0       0       0       0       0       0       0       0       0       0       0
      Locals:         0       0       0       0       0       0       0       0       0       0       0       0       0       0       0       0       0       0       0       0       0       0       0       0       0       0       0
      Temps:          0       0       0       0       0       0       0       0       0       0       0       0       0       0       0       0       0       0       0       0       0       0       0       0       0       0       0
      Totals:         0       0       0       0       0       0       0       0       0       0       0       0       0       0       0       0       0       0       0       0       0       0       0       0       0       0       0
Total ram usage:        0 bytes
 Hardware stack levels used:    1
 This function calls:
		Nothing
 This function is called by:
		_INTERRUPT_InterruptManager
 This function uses a non-reentrant model


 *************** function _EUSART1_Transmit_ISR *****************
 Defined at:
		line 194 in file "mcc_generated_files/eusart1.c"
 Parameters:    Size  Location     Type
		None
 Auto vars:     Size  Location     Type
		None
 Return value:  Size  Location     Type
                  1    wreg      void 
 Registers used:
		wreg, fsr1l, fsr1h, status,2, status,0
 Tracked objects:
		On entry : 
		On exit  : 
		Unchanged: 
 Data sizes:     COMMON   BANK0   BANK1   BANK2   BANK3   BANK4   BANK5   BANK6   BANK7   BANK8   BANK9  BANK10  BANK11  BANK12  BANK13  BANK14  BANK15  BANK16  BANK17  BANK18  BANK19  BANK20  BANK21  BANK22  BANK23  BANK24  BANK25
      Params:         0       0       0       0       0       0       0       0       0       0       0       0       0       0       0       0       0       0       0       0       0       0       0       0       0       0       0
      Locals:         0       0       0       0       0       0       0       0       0       0       0       0       0       0       0       0       0       0       0       0       0       0       0       0       0       0       0
      Temps:          1       0       0       0       0       0       0       0       0       0       0       0       0       0       0       0       0       0       0       0       0       0       0       0       0       0       0
      Totals:         1       0       0       0       0       0       0       0       0       0       0       0       0       0       0       0       0       0       0       0       0       0       0       0       0       0       0
Total ram usage:        1 bytes
 Hardware stack levels used:    1
 This function calls:
		Nothing
 This function is called by:
		_EUSART1_Initialize
		_INTERRUPT_InterruptManager
 This function uses a non-reentrant model


 *************** function _DMX_ISR *****************
 Defined at:
		line 60 in file "main.c"
 Parameters:    Size  Location     Type
		None
 Auto vars:     Size  Location     Type
		None
 Return value:  Size  Location     Type
                  1    wreg      void 
 Registers used:
		wreg, fsr1l, fsr1h, status,2, status,0
 Tracked objects:
		On entry : 
		On exit  : 
		Unchanged: 
 Data sizes:     COMMON   BANK0   BANK1   BANK2   BANK3   BANK4   BANK5   BANK6   BANK7   BANK8   BANK9  BANK10  BANK11  BANK12  BANK13  BANK14  BANK15  BANK16  BANK17  BANK18  BANK19  BANK20  BANK21  BANK22  BANK23  BANK24  BANK25
      Params:         0       0       0       0       0       0       0       0       0       0       0       0       0       0       0       0       0       0       0       0       0       0       0       0       0       0       0
      Locals:         0       0       0       0       0       0       0       0       0       0       0       0       0       0       0       0       0       0       0       0       0       0       0       0       0       0       0
      Temps:          4       0       0       0       0       0       0       0       0       0       0       0       0       0       0       0       0       0       0       0       0       0       0       0       0       0       0
      Totals:         4       0       0       0       0       0       0       0       0       0       0       0       0       0       0       0       0       0       0       0       0       0       0       0       0       0       0
Total ram usage:        4 bytes
 Hardware stack levels used:    1
 This function calls:
		Nothing
 This function is called by:
		_main
		_INTERRUPT_InterruptManager
 This function uses a non-reentrant model


 *************** function _EUSART1_Receive_ISR *****************
 Defined at:
		line 213 in file "mcc_generated_files/eusart1.c"
 Parameters:    Size  Location     Type
		None
 Auto vars:     Size  Location     Type
		None
 Return value:  Size  Location     Type
                  1    wreg      void 
 Registers used:
		wreg, fsr1l, fsr1h, status,2, status,0, pclath, cstack
 Tracked objects:
		On entry : 
		On exit  : 
		Unchanged: 
 Data sizes:     COMMON   BANK0   BANK1   BANK2   BANK3   BANK4   BANK5   BANK6   BANK7   BANK8   BANK9  BANK10  BANK11  BANK12  BANK13  BANK14  BANK15  BANK16  BANK17  BANK18  BANK19  BANK20  BANK21  BANK22  BANK23  BANK24  BANK25
      Params:         0       0       0       0       0       0       0       0       0       0       0       0       0       0       0       0       0       0       0       0       0       0       0       0       0       0       0
      Locals:         0       0       0       0       0       0       0       0       0       0       0       0       0       0       0       0       0       0       0       0       0       0       0       0       0       0       0
      Temps:          0       0       0       0       0       0       0       0       0       0       0       0       0       0       0       0       0       0       0       0       0       0       0       0       0       0       0
      Totals:         0       0       0       0       0       0       0       0       0       0       0       0       0       0       0       0       0       0       0       0       0       0       0       0       0       0       0
Total ram usage:        0 bytes
 Hardware stack levels used:    1
 Hardware stack levels required when called:    2
 This function calls:
		Absolute function
		_EUSART1_DefaultErrorHandler
		_EUSART1_DefaultFramingErrorHandler
		_EUSART1_DefaultOverrunErrorHandler
		_EUSART1_RxDataHandler
 This function is called by:
		_EUSART1_Initialize
		_INTERRUPT_InterruptManager
 This function uses a non-reentrant model


 *************** function _EUSART1_DefaultOverrunErrorHandler *****************
 Defined at:
		line 249 in file "mcc_generated_files/eusart1.c"
 Parameters:    Size  Location     Type
		None
 Auto vars:     Size  Location     Type
		None
 Return value:  Size  Location     Type
                  1    wreg      void 
 Registers used:
		None
 Tracked objects:
		On entry : 
		On exit  : 
		Unchanged: 
 Data sizes:     COMMON   BANK0   BANK1   BANK2   BANK3   BANK4   BANK5   BANK6   BANK7   BANK8   BANK9  BANK10  BANK11  BANK12  BANK13  BANK14  BANK15  BANK16  BANK17  BANK18  BANK19  BANK20  BANK21  BANK22  BANK23  BANK24  BANK25
      Params:         0       0       0       0       0       0       0       0       0       0       0       0       0       0       0       0       0       0       0       0       0       0       0       0       0       0       0
      Locals:         0       0       0       0       0       0       0       0       0       0       0       0       0       0       0       0       0       0       0       0       0       0       0       0       0       0       0
      Temps:          0       0       0       0       0       0       0       0       0       0       0       0       0       0       0       0       0       0       0       0       0       0       0       0       0       0       0
      Totals:         0       0       0       0       0       0       0       0       0       0       0       0       0       0       0       0       0       0       0       0       0       0       0       0       0       0       0
Total ram usage:        0 bytes
 Hardware stack levels used:    1
 This function calls:
		Nothing
 This function is called by:
		_EUSART1_Initialize
		_EUSART1_Receive_ISR
 This function uses a non-reentrant model


 *************** function _EUSART1_DefaultFramingErrorHandler *****************
 Defined at:
		line 247 in file "mcc_generated_files/eusart1.c"
 Parameters:    Size  Location     Type
		None
 Auto vars:     Size  Location     Type
		None
 Return value:  Size  Location     Type
                  1    wreg      void 
 Registers used:
		None
 Tracked objects:
		On entry : 
		On exit  : 
		Unchanged: 
 Data sizes:     COMMON   BANK0   BANK1   BANK2   BANK3   BANK4   BANK5   BANK6   BANK7   BANK8   BANK9  BANK10  BANK11  BANK12  BANK13  BANK14  BANK15  BANK16  BANK17  BANK18  BANK19  BANK20  BANK21  BANK22  BANK23  BANK24  BANK25
      Params:         0       0       0       0       0       0       0       0       0       0       0       0       0       0       0       0       0       0       0       0       0       0       0       0       0       0       0
      Locals:         0       0       0       0       0       0       0       0       0       0       0       0       0       0       0       0       0       0       0       0       0       0       0       0       0       0       0
      Temps:          0       0       0       0       0       0       0       0       0       0       0       0       0       0       0       0       0       0       0       0       0       0       0       0       0       0       0
      Totals:         0       0       0       0       0       0       0       0       0       0       0       0       0       0       0       0       0       0       0       0       0       0       0       0       0       0       0
Total ram usage:        0 bytes
 Hardware stack levels used:    1
 This function calls:
		Nothing
 This function is called by:
		_EUSART1_Initialize
		_EUSART1_Receive_ISR
 This function uses a non-reentrant model


 *************** function _EUSART1_DefaultErrorHandler *****************
 Defined at:
		line 257 in file "mcc_generated_files/eusart1.c"
 Parameters:    Size  Location     Type
		None
 Auto vars:     Size  Location     Type
		None
 Return value:  Size  Location     Type
                  1    wreg      void 
 Registers used:
		wreg, fsr1l, fsr1h, status,2, status,0, pclath, cstack
 Tracked objects:
		On entry : 
		On exit  : 
		Unchanged: 
 Data sizes:     COMMON   BANK0   BANK1   BANK2   BANK3   BANK4   BANK5   BANK6   BANK7   BANK8   BANK9  BANK10  BANK11  BANK12  BANK13  BANK14  BANK15  BANK16  BANK17  BANK18  BANK19  BANK20  BANK21  BANK22  BANK23  BANK24  BANK25
      Params:         0       0       0       0       0       0       0       0       0       0       0       0       0       0       0       0       0       0       0       0       0       0       0       0       0       0       0
      Locals:         0       0       0       0       0       0       0       0       0       0       0       0       0       0       0       0       0       0       0       0       0       0       0       0       0       0       0
      Temps:          0       0       0       0       0       0       0       0       0       0       0       0       0       0       0       0       0       0       0       0       0       0       0       0       0       0       0
      Totals:         0       0       0       0       0       0       0       0       0       0       0       0       0       0       0       0       0       0       0       0       0       0       0       0       0       0       0
Total ram usage:        0 bytes
 Hardware stack levels used:    1
 Hardware stack levels required when called:    1
 This function calls:
		_EUSART1_RxDataHandler
 This function is called by:
		_EUSART1_Initialize
		_EUSART1_Receive_ISR
 This function uses a non-reentrant model


 *************** function _EUSART1_RxDataHandler *****************
 Defined at:
		line 237 in file "mcc_generated_files/eusart1.c"
 Parameters:    Size  Location     Type
		None
 Auto vars:     Size  Location     Type
		None
 Return value:  Size  Location     Type
                  1    wreg      void 
 Registers used:
		wreg, fsr1l, fsr1h, status,2, status,0
 Tracked objects:
		On entry : 
		On exit  : 
		Unchanged: 
 Data sizes:     COMMON   BANK0   BANK1   BANK2   BANK3   BANK4   BANK5   BANK6   BANK7   BANK8   BANK9  BANK10  BANK11  BANK12  BANK13  BANK14  BANK15  BANK16  BANK17  BANK18  BANK19  BANK20  BANK21  BANK22  BANK23  BANK24  BANK25
      Params:         0       0       0       0       0       0       0       0       0       0       0       0       0       0       0       0       0       0       0       0       0       0       0       0       0       0       0
      Locals:         0       0       0       0       0       0       0       0       0       0       0       0       0       0       0       0       0       0       0       0       0       0       0       0       0       0       0
      Temps:          1       0       0       0       0       0       0       0       0       0       0       0       0       0       0       0       0       0       0       0       0       0       0       0       0       0       0
      Totals:         1       0       0       0       0       0       0       0       0       0       0       0       0       0       0       0       0       0       0       0       0       0       0       0       0       0       0
Total ram usage:        1 bytes
 Hardware stack levels used:    1
 This function calls:
		Nothing
 This function is called by:
		_EUSART1_Receive_ISR
		_EUSART1_DefaultErrorHandler
 This function uses a non-reentrant model



MODULE INFORMATION

Module		Function		Class		Link	Load	Size
C:\Program Files (x86)\Microchip\xc8\v2.05\pic\sources\c99\common\lwmod.c
		___lwmod       		CODE           	04A8	0000	46

C:\Program Files (x86)\Microchip\xc8\v2.05\pic\sources\c99\common\lwmod.c estimated size: 46

clock.c
		_CLOCK_getTime 		CODE           	077C	0000	7
		_CLOCK_init    		CODE           	0761	0000	9
		_CLOCK_timerCallback		CODE           	0782	0000	7

clock.c estimated size: 23

mcc_generated_files/interrupt_manager.c
		_INTERRUPT_InterruptManager		CODE           	0004	0000	48

mcc_generated_files/interrupt_manager.c estimated size: 48

mcc_generated_files/tmr0.c
		_TMR0_SetInterruptHandler		CODE           	0776	0000	7
		_TMR0_DefaultInterruptHandler		CODE           	0799	0000	2
		_TMR0_ISR      		CODE           	0709	0000	14
		_TMR0_Initialize		CODE           	06C0	0000	21

mcc_generated_files/tmr0.c estimated size: 44

mcc_generated_files/i2c1.c
		_I2C1_BusCollisionISR		CODE           	0791	0000	4
		_I2C1_FunctionComplete		CODE           	06F8	0000	18
		_I2C1_MasterWriteTRBBuild		CODE           	05C1	0000	33
		_I2C1_ISR      		CODE           	0067	0000	330
		_I2C1_MasterWrite		CODE           	0550	0000	40
		_I2C1_Initialize		CODE           	0637	0000	26
		_I2C1_Stop     		CODE           	0650	0000	25
		_I2C1_WaitForLastPacketToComplete		CODE           	0788	0000	6
		_I2C1_MasterTRBInsert		CODE           	034D	0000	70

mcc_generated_files/i2c1.c estimated size: 552

mcc_generated_files/pin_manager.c
		_PIN_MANAGER_Initialize		CODE           	047B	0000	46

mcc_generated_files/pin_manager.c estimated size: 46

buttons.c
		_BUTTONS_task  		CODE           	01B0	0000	187
		_BUTTONS_init  		CODE           	03D5	0000	64
		_init          		CODE           	061B	0000	29
		_BUTTONS_isClicked		CODE           	0695	0000	23
		_BUTTONS_isHeld		CODE           	06E6	0000	19

buttons.c estimated size: 322

C:\Program Files (x86)\Microchip\xc8\v2.05\pic\sources\c99\common\lwdiv.c
		___lwdiv       		CODE           	0414	0000	54

C:\Program Files (x86)\Microchip\xc8\v2.05\pic\sources\c99\common\lwdiv.c estimated size: 54

shared
		__initialization		CODE           	0035	0000	47
		_charTable     		STRCODE        	02ED	0000	97

shared estimated size: 144

mcc_generated_files/eusart1.c
		_EUSART1_SetRxInterruptHandler		CODE           	0735	0000	10
		_EUSART1_SetTxInterruptHandler		CODE           	0770	0000	7
		_EUSART1_Initialize		CODE           	0392	0000	68
		_EUSART1_DefaultErrorHandler		CODE           	0794	0000	4
		_EUSART1_SetFramingErrorHandler		CODE           	0747	0000	10
		_EUSART1_SetOverrunErrorHandler		CODE           	073E	0000	10
		_EUSART1_SetErrorHandler		CODE           	0750	0000	10
		_EUSART1_Receive_ISR		CODE           	0449	0000	51
		_EUSART1_RxDataHandler		CODE           	0668	0000	24
		_EUSART1_DefaultOverrunErrorHandler		CODE           	078D	0000	5
		_EUSART1_Transmit_ISR		CODE           	05FE	0000	30
		_EUSART1_DefaultFramingErrorHandler		CODE           	079A	0000	2

mcc_generated_files/eusart1.c estimated size: 231

mcc_generated_files/mcc.c
		_PMD_Initialize		CODE           	0722	0000	11
		_OSCILLATOR_Initialize		CODE           	072C	0000	10
		_SYSTEM_Initialize		CODE           	06D4	0000	19

mcc_generated_files/mcc.c estimated size: 40

controller.c
		_CONTROLLER_task		CODE           	04D5	0000	45
		_CONTROLLER_init		CODE           	0759	0000	9
		_address_dec   		CODE           	06AB	0000	22
		_address_inc   		CODE           	067F	0000	23

controller.c estimated size: 99

tm1650.c
		_TM1650_init   		CODE           	0769	0000	8
		_TM1650_fastPrintNum		CODE           	026A	0000	132
		_writeData     		CODE           	05E1	0000	30
		_TM1650_setDigit		CODE           	0529	0000	40

tm1650.c estimated size: 210

main.c
		_main          		CODE           	0577	0000	38
		_initLED       		CODE           	0501	0000	41
		_DMX_ISR       		CODE           	059C	0000	38

main.c estimated size: 117

